Archive member included because of file (symbol)

./Drivers//STM32F4xx_HAL_Driver/libstm32fw.a(stm32f4xx_hal.o)
                              Src/main.o (HAL_Init)
./Drivers//STM32F4xx_HAL_Driver/libstm32fw.a(stm32f4xx_hal_adc.o)
                              Src/adc.o (HAL_ADC_Init)
./Drivers//STM32F4xx_HAL_Driver/libstm32fw.a(stm32f4xx_hal_adc_ex.o)
                              ./Drivers//STM32F4xx_HAL_Driver/libstm32fw.a(stm32f4xx_hal_adc.o) (HAL_ADCEx_InjectedConvCpltCallback)
./Drivers//STM32F4xx_HAL_Driver/libstm32fw.a(stm32f4xx_hal_cortex.o)
                              Src/stm32f4xx_hal_msp.o (HAL_NVIC_SetPriorityGrouping)
./Drivers//STM32F4xx_HAL_Driver/libstm32fw.a(stm32f4xx_hal_dac.o)
                              Src/dac.o (HAL_DAC_Init)
./Drivers//STM32F4xx_HAL_Driver/libstm32fw.a(stm32f4xx_hal_dac_ex.o)
                              ./Drivers//STM32F4xx_HAL_Driver/libstm32fw.a(stm32f4xx_hal_dac.o) (HAL_DACEx_DMAUnderrunCallbackCh2)
./Drivers//STM32F4xx_HAL_Driver/libstm32fw.a(stm32f4xx_hal_dma.o)
                              Src/adc.o (HAL_DMA_Init)
./Drivers//STM32F4xx_HAL_Driver/libstm32fw.a(stm32f4xx_hal_gpio.o)
                              Src/adc.o (HAL_GPIO_Init)
./Drivers//STM32F4xx_HAL_Driver/libstm32fw.a(stm32f4xx_hal_i2s.o)
                              Src/i2s.o (HAL_I2S_Init)
./Drivers//STM32F4xx_HAL_Driver/libstm32fw.a(stm32f4xx_hal_i2s_ex.o)
                              ./Drivers//STM32F4xx_HAL_Driver/libstm32fw.a(stm32f4xx_hal_i2s.o) (I2S_GetInputClock)
./Drivers//STM32F4xx_HAL_Driver/libstm32fw.a(stm32f4xx_hal_rcc.o)
                              Src/main.o (HAL_RCC_OscConfig)
./Drivers//STM32F4xx_HAL_Driver/libstm32fw.a(stm32f4xx_hal_rcc_ex.o)
                              Src/main.o (HAL_RCCEx_PeriphCLKConfig)
./Drivers//STM32F4xx_HAL_Driver/libstm32fw.a(stm32f4xx_hal_spi.o)
                              Src/spi.o (HAL_SPI_Init)
/usr/bin/../lib/gcc/arm-none-eabi/4.9.3/../../../../arm-none-eabi/lib/armv7e-m/softfp/libm.a(lib_a-s_cos.o)
                              Src/biquad.o (cos)
/usr/bin/../lib/gcc/arm-none-eabi/4.9.3/../../../../arm-none-eabi/lib/armv7e-m/softfp/libm.a(lib_a-s_sin.o)
                              Src/biquad.o (sin)
/usr/bin/../lib/gcc/arm-none-eabi/4.9.3/../../../../arm-none-eabi/lib/armv7e-m/softfp/libm.a(lib_a-w_pow.o)
                              Src/biquad.o (pow)
/usr/bin/../lib/gcc/arm-none-eabi/4.9.3/../../../../arm-none-eabi/lib/armv7e-m/softfp/libm.a(lib_a-w_sinh.o)
                              Src/biquad.o (sinh)
/usr/bin/../lib/gcc/arm-none-eabi/4.9.3/../../../../arm-none-eabi/lib/armv7e-m/softfp/libm.a(lib_a-w_sqrt.o)
                              Src/biquad.o (sqrt)
/usr/bin/../lib/gcc/arm-none-eabi/4.9.3/../../../../arm-none-eabi/lib/armv7e-m/softfp/libm.a(lib_a-e_pow.o)
                              /usr/bin/../lib/gcc/arm-none-eabi/4.9.3/../../../../arm-none-eabi/lib/armv7e-m/softfp/libm.a(lib_a-w_pow.o) (__ieee754_pow)
/usr/bin/../lib/gcc/arm-none-eabi/4.9.3/../../../../arm-none-eabi/lib/armv7e-m/softfp/libm.a(lib_a-e_rem_pio2.o)
                              /usr/bin/../lib/gcc/arm-none-eabi/4.9.3/../../../../arm-none-eabi/lib/armv7e-m/softfp/libm.a(lib_a-s_cos.o) (__ieee754_rem_pio2)
/usr/bin/../lib/gcc/arm-none-eabi/4.9.3/../../../../arm-none-eabi/lib/armv7e-m/softfp/libm.a(lib_a-e_sinh.o)
                              /usr/bin/../lib/gcc/arm-none-eabi/4.9.3/../../../../arm-none-eabi/lib/armv7e-m/softfp/libm.a(lib_a-w_sinh.o) (__ieee754_sinh)
/usr/bin/../lib/gcc/arm-none-eabi/4.9.3/../../../../arm-none-eabi/lib/armv7e-m/softfp/libm.a(lib_a-e_sqrt.o)
                              /usr/bin/../lib/gcc/arm-none-eabi/4.9.3/../../../../arm-none-eabi/lib/armv7e-m/softfp/libm.a(lib_a-w_sqrt.o) (__ieee754_sqrt)
/usr/bin/../lib/gcc/arm-none-eabi/4.9.3/../../../../arm-none-eabi/lib/armv7e-m/softfp/libm.a(lib_a-k_cos.o)
                              /usr/bin/../lib/gcc/arm-none-eabi/4.9.3/../../../../arm-none-eabi/lib/armv7e-m/softfp/libm.a(lib_a-s_cos.o) (__kernel_cos)
/usr/bin/../lib/gcc/arm-none-eabi/4.9.3/../../../../arm-none-eabi/lib/armv7e-m/softfp/libm.a(lib_a-k_rem_pio2.o)
                              /usr/bin/../lib/gcc/arm-none-eabi/4.9.3/../../../../arm-none-eabi/lib/armv7e-m/softfp/libm.a(lib_a-e_rem_pio2.o) (__kernel_rem_pio2)
/usr/bin/../lib/gcc/arm-none-eabi/4.9.3/../../../../arm-none-eabi/lib/armv7e-m/softfp/libm.a(lib_a-k_sin.o)
                              /usr/bin/../lib/gcc/arm-none-eabi/4.9.3/../../../../arm-none-eabi/lib/armv7e-m/softfp/libm.a(lib_a-s_cos.o) (__kernel_sin)
/usr/bin/../lib/gcc/arm-none-eabi/4.9.3/../../../../arm-none-eabi/lib/armv7e-m/softfp/libm.a(lib_a-s_expm1.o)
                              /usr/bin/../lib/gcc/arm-none-eabi/4.9.3/../../../../arm-none-eabi/lib/armv7e-m/softfp/libm.a(lib_a-e_sinh.o) (expm1)
/usr/bin/../lib/gcc/arm-none-eabi/4.9.3/../../../../arm-none-eabi/lib/armv7e-m/softfp/libm.a(lib_a-s_fabs.o)
[...]
Memory Configuration

Name             Origin             Length             Attributes
FLASH            0x0000000008000000 0x0000000000100000 xr
RAM              0x0000000020000000 0x0000000000020000 xrw
CCMRAM           0x0000000010000000 0x0000000000010000 rw
*default*        0x0000000000000000 0xffffffffffffffff

Linker script and memory map

LOAD /usr/bin/../lib/gcc/arm-none-eabi/4.9.3/armv7e-m/softfp/crti.o
LOAD /usr/bin/../lib/gcc/arm-none-eabi/4.9.3/armv7e-m/softfp/crtbegin.o
LOAD /usr/bin/../lib/gcc/arm-none-eabi/4.9.3/../../../../arm-none-eabi/lib/armv7e-m/softfp/crt0.o
LOAD Drivers/CMSIS/Device/ST/STM32F4xx//Source/Templates/gcc/startup_stm32f405xx.o
LOAD Drivers/CMSIS/Device/ST/STM32F4xx//Source/Templates/system_stm32f4xx.o
LOAD Src/adc.o
LOAD Src/biquad.o
LOAD Src/dac.o
LOAD Src/dma.o
LOAD Src/gpio.o
LOAD Src/i2s.o
LOAD Src/main.o
LOAD Src/spi.o
LOAD Src/stm32f4xx_hal_msp.o
LOAD Src/stm32f4xx_it.o
LOAD Src/tremolo_one.o
LOAD Src/user_controls.o
LOAD Src/wm8731.o
LOAD ./Drivers//STM32F4xx_HAL_Driver/libstm32fw.a
LOAD /usr/bin/../lib/gcc/arm-none-eabi/4.9.3/../../../../arm-none-eabi/lib/armv7e-m/softfp/libm.a
START GROUP
LOAD /usr/bin/../lib/gcc/arm-none-eabi/4.9.3/armv7e-m/softfp/libgcc.a
LOAD /usr/bin/../lib/gcc/arm-none-eabi/4.9.3/../../../../arm-none-eabi/lib/armv7e-m/softfp/libc.a
END GROUP
LOAD /usr/bin/../lib/gcc/arm-none-eabi/4.9.3/armv7e-m/softfp/crtend.o
LOAD /usr/bin/../lib/gcc/arm-none-eabi/4.9.3/armv7e-m/softfp/crtn.o
                0x0000000020020000                _estack = 0x20020000
                0x0000000000000000                _Min_Heap_Size = 0x0
                0x0000000000000400                _Min_Stack_Size = 0x400

.isr_vector     0x0000000008000000      0x188
                0x0000000008000000                . = ALIGN (0x4)
 *(.isr_vector)
 .isr_vector    0x0000000008000000      0x188 Drivers/CMSIS/Device/ST/STM32F4xx//Source/Templates/gcc/startup_stm32f405xx.o
                0x0000000008000000                g_pfnVectors
                0x0000000008000188                . = ALIGN (0x4)

.text           0x0000000008000190     0xb35c
                0x0000000008000190                . = ALIGN (0x4)
 *(.text)
 .text          0x0000000008000190       0x5c /usr/bin/../lib/gcc/arm-none-eabi/4.9.3/armv7e-m/softfp/crtbegin.o
 .text          0x00000000080001ec      0x164 Drivers/CMSIS/Device/ST/STM32F4xx//Source/Templates/system_stm32f4xx.o
                0x00000000080001ec                SystemInit
                0x0000000008000258                SystemCoreClockUpdate
 .text          0x0000000008000350      0x178 Src/adc.o
                0x0000000008000350                MX_ADC3_Init
                0x00000000080003c4                HAL_ADC_MspInit
                0x0000000008000484                HAL_ADC_MspDeInit
 .text          0x00000000080004c8       0xcc Src/dac.o
                0x00000000080004c8                MX_DAC_Init
                0x0000000008000508                HAL_DAC_MspInit
                0x000000000800055c                HAL_DAC_MspDeInit
 .text          0x0000000008000594       0x70 Src/dma.o
                0x0000000008000594                MX_DMA_Init
 .text          0x0000000008000604      0x1c8 Src/gpio.o
                0x0000000008000604                MX_GPIO_Init
 .text          0x00000000080007cc      0x214 Src/i2s.o
                0x00000000080007cc                MX_I2S3_Init
                0x000000000800081c                HAL_I2S_MspInit
                0x0000000008000984                HAL_I2S_MspDeInit
 .text          0x00000000080009e0      0x450 Src/main.o
                0x00000000080009f8                prvGetRegistersFromStack
                0x0000000008000a34                main
                0x0000000008000cb0                SystemClock_Config
                0x0000000008000d88                HAL_I2S_TxCpltCallback
                0x0000000008000da8                HAL_I2S_RxCpltCallback
                0x0000000008000ddc                HAL_I2S_TxHalfCpltCallback
                0x0000000008000dfc                HAL_I2S_RxHalfCpltCallback
 .text          0x0000000008000e30      0x100 Src/spi.o
                0x0000000008000e30                MX_SPI2_Init
                0x0000000008000e94                HAL_SPI_MspInit
                0x0000000008000ef4                HAL_SPI_MspDeInit
 .text          0x0000000008000f30       0x18 Src/stm32f4xx_hal_msp.o
                0x0000000008000f30                HAL_MspInit
 .text          0x0000000008000f48       0x40 Src/stm32f4xx_it.o
                0x0000000008000f48                SysTick_Handler
                0x0000000008000f58                DMA1_Stream0_IRQHandler
                0x0000000008000f68                DMA1_Stream5_IRQHandler
                0x0000000008000f78                DMA2_Stream0_IRQHandler
 .text          0x0000000008000f88      0x124 Src/tremolo_one.o
                0x0000000008000f88                tremolo_one
 .text          0x00000000080010ac       0x58 Src/user_controls.o
                0x00000000080010ac                DebugLedON
                0x00000000080010c4                ButtonsLedAck
 .text          0x0000000008001104      0x280 Src/wm8731.o
                0x0000000008001104                codec_init
 .text          0x0000000008001384      0x380 ./Drivers//STM32F4xx_HAL_Driver/libstm32fw.a(stm32f4xx_hal.o)
                0x0000000008001384                HAL_Init
                0x00000000080013e8                HAL_DeInit
                0x0000000008001484                HAL_MspDeInit
                0x0000000008001490                HAL_InitTick
                0x00000000080014c8                HAL_IncTick
                0x00000000080014ec                HAL_GetTick
                0x0000000008001504                HAL_Delay
                0x0000000008001530                HAL_SuspendTick
                0x0000000008001554                HAL_ResumeTick
                0x0000000008001578                HAL_GetHalVersion
                0x000000000800158c                HAL_GetREVID
                0x00000000080015a8                HAL_GetDEVID
                0x00000000080015c4                HAL_DBGMCU_EnableDBGSleepMode
                0x00000000080015e8                HAL_DBGMCU_DisableDBGSleepMode
                0x000000000800160c                HAL_DBGMCU_EnableDBGStopMode
                0x0000000008001630                HAL_DBGMCU_DisableDBGStopMode
                0x0000000008001654                HAL_DBGMCU_EnableDBGStandbyMode
                0x0000000008001678                HAL_DBGMCU_DisableDBGStandbyMode
                0x000000000800169c                HAL_EnableCompensationCell
                0x00000000080016d0                HAL_DisableCompensationCell
 .text          0x0000000008001704      0xecc ./Drivers//STM32F4xx_HAL_Driver/libstm32fw.a(stm32f4xx_hal_adc.o)
                0x0000000008001704                HAL_ADC_Init
                0x0000000008001760                HAL_ADC_DeInit
                0x00000000080017c0                HAL_ADC_Start
                0x00000000080018c4                HAL_ADC_Stop
                0x00000000080018f4                HAL_ADC_PollForConversion
                0x00000000080019a4                HAL_ADC_PollForEvent
                0x0000000008001a34                HAL_ADC_Start_IT
                0x0000000008001b5c                HAL_ADC_Stop_IT
                0x0000000008001bac                HAL_ADC_IRQHandler
                0x0000000008001e0c                HAL_ADC_Start_DMA
                0x0000000008001f1c                HAL_ADC_Stop_DMA
                0x0000000008001f70                HAL_ADC_GetValue
                0x0000000008001f8c                HAL_ADC_ConvCpltCallback
                0x0000000008001fa0                HAL_ADC_ConvHalfCpltCallback
                0x0000000008001fb4                HAL_ADC_LevelOutOfWindowCallback
                0x0000000008001fc8                HAL_ADC_ErrorCallback
                0x0000000008001fdc                HAL_ADC_ConfigChannel
                0x0000000008002240                HAL_ADC_AnalogWDGConfig
                0x0000000008002300                HAL_ADC_GetState
                0x000000000800231c                HAL_ADC_GetError
 .text          0x00000000080025d0      0xacc ./Drivers//STM32F4xx_HAL_Driver/libstm32fw.a(stm32f4xx_hal_adc_ex.o)
                0x00000000080025d0                HAL_ADCEx_InjectedStart
                0x0000000008002730                HAL_ADCEx_InjectedStart_IT
                0x00000000080028b4                HAL_ADCEx_InjectedStop
                0x00000000080028e4                HAL_ADCEx_InjectedPollForConversion
                0x0000000008002964                HAL_ADCEx_InjectedStop_IT
                0x00000000080029b4                HAL_ADCEx_InjectedGetValue
                0x0000000008002a24                HAL_ADCEx_MultiModeStart_DMA
                0x0000000008002b5c                HAL_ADCEx_MultiModeStop_DMA
                0x0000000008002bd8                HAL_ADCEx_MultiModeGetValue
                0x0000000008002bf8                HAL_ADCEx_InjectedConvCpltCallback
                0x0000000008002c0c                HAL_ADCEx_InjectedConfigChannel
                0x0000000008002f4c                HAL_ADCEx_MultiModeConfigChannel
 .text          0x000000000800309c      0x60c ./Drivers//STM32F4xx_HAL_Driver/libstm32fw.a(stm32f4xx_hal_cortex.o)
                0x0000000008003444                HAL_NVIC_SetPriorityGrouping
                0x0000000008003458                HAL_NVIC_SetPriority
                0x0000000008003490                HAL_NVIC_EnableIRQ
                0x00000000080034ac                HAL_NVIC_DisableIRQ
                0x00000000080034c8                HAL_NVIC_SystemReset
                0x00000000080034d4                HAL_SYSTICK_Config
                0x00000000080034ec                HAL_MPU_ConfigRegion
                0x000000000800358c                HAL_NVIC_GetPriorityGrouping
                0x000000000800359c                HAL_NVIC_GetPriority
                0x00000000080035cc                HAL_NVIC_SetPendingIRQ
                0x00000000080035e8                HAL_NVIC_GetPendingIRQ
                0x0000000008003608                HAL_NVIC_ClearPendingIRQ
                0x0000000008003624                HAL_NVIC_GetActive
                0x0000000008003644                HAL_SYSTICK_CLKSourceConfig
                0x0000000008003690                HAL_SYSTICK_IRQHandler
                0x000000000800369c                HAL_SYSTICK_Callback
 .text          0x00000000080036a8      0x634 ./Drivers//STM32F4xx_HAL_Driver/libstm32fw.a(stm32f4xx_hal_dac.o)
                0x00000000080036a8                HAL_DAC_Init
                0x00000000080036ec                HAL_DAC_DeInit
                0x0000000008003750                HAL_DAC_Start
                0x0000000008003820                HAL_DAC_Stop
                0x0000000008003858                HAL_DAC_Start_DMA
                0x00000000080039cc                HAL_DAC_Stop_DMA
                0x0000000008003a50                HAL_DAC_GetValue
                0x0000000008003a7c                HAL_DAC_IRQHandler
                0x0000000008003b0c                HAL_DAC_ConvCpltCallbackCh1
                0x0000000008003b20                HAL_DAC_ConvHalfCpltCallbackCh1
                0x0000000008003b34                HAL_DAC_ErrorCallbackCh1
                0x0000000008003b48                HAL_DAC_DMAUnderrunCallbackCh1
                0x0000000008003b5c                HAL_DAC_ConfigChannel
                0x0000000008003bf8                HAL_DAC_SetValue
                0x0000000008003c40                HAL_DAC_GetState
                0x0000000008003c5c                HAL_DAC_GetError
 .text          0x0000000008003cdc      0x214 ./Drivers//STM32F4xx_HAL_Driver/libstm32fw.a(stm32f4xx_hal_dac_ex.o)
                0x0000000008003cdc                HAL_DACEx_DualGetValue
                0x0000000008003d10                HAL_DACEx_TriangleWaveGenerate
                0x0000000008003d78                HAL_DACEx_NoiseWaveGenerate
                0x0000000008003de0                HAL_DACEx_DualSetValue
                0x0000000008003e38                HAL_DACEx_ConvCpltCallbackCh2
                0x0000000008003e4c                HAL_DACEx_ConvHalfCpltCallbackCh2
                0x0000000008003e60                HAL_DACEx_ErrorCallbackCh2
                0x0000000008003e74                HAL_DACEx_DMAUnderrunCallbackCh2
                0x0000000008003e88                DAC_DMAConvCpltCh2
                0x0000000008003ea8                DAC_DMAHalfConvCpltCh2
                0x0000000008003ec4                DAC_DMAErrorCh2
 .text          0x0000000008003ef0      0x8dc ./Drivers//STM32F4xx_HAL_Driver/libstm32fw.a(stm32f4xx_hal_dma.o)
                0x0000000008003ef0                HAL_DMA_Init
                0x0000000008003fcc                HAL_DMA_DeInit
                0x0000000008004068                HAL_DMA_Start
                0x00000000080040cc                HAL_DMA_Start_IT
                0x0000000008004150                HAL_DMA_Abort
                0x00000000080041cc                HAL_DMA_PollForTransfer
                0x00000000080043e4                HAL_DMA_IRQHandler
                0x00000000080046cc                HAL_DMA_GetState
                0x00000000080046e8                HAL_DMA_GetError
 .text          0x00000000080047cc      0x700 ./Drivers//STM32F4xx_HAL_Driver/libstm32fw.a(stm32f4xx_hal_gpio.o)
                0x00000000080047cc                HAL_GPIO_Init
                0x0000000008004b5c                HAL_GPIO_DeInit
                0x0000000008004dac                HAL_GPIO_ReadPin
                0x0000000008004ddc                HAL_GPIO_WritePin
                0x0000000008004e0c                HAL_GPIO_TogglePin
                0x0000000008004e30                HAL_GPIO_LockPin
                0x0000000008004e80                HAL_GPIO_EXTI_IRQHandler
                0x0000000008004eb8                HAL_GPIO_EXTI_Callback
 .text          0x0000000008004ecc      0xf58 ./Drivers//STM32F4xx_HAL_Driver/libstm32fw.a(stm32f4xx_hal_i2s.o)
                0x0000000008005030                HAL_I2S_DeInit
                0x0000000008005098                HAL_I2S_Transmit
                0x00000000080051e4                HAL_I2S_Receive
                0x0000000008005320                HAL_I2S_Transmit_IT
                0x000000000800540c                HAL_I2S_Receive_IT
                0x00000000080054f8                HAL_I2S_Transmit_DMA
                0x000000000800563c                HAL_I2S_Receive_DMA
                0x0000000008005b68                HAL_I2S_ErrorCallback
                0x0000000008005b7c                HAL_I2S_GetState
                0x0000000008005b98                HAL_I2S_GetError
                0x0000000008005bb0                I2S_DMATxHalfCplt
                0x0000000008005bcc                I2S_DMARxHalfCplt
                0x0000000008005be8                I2S_DMAError
                0x0000000008005c24                I2S_Transmit_IT
                0x0000000008005cb8                I2S_Receive_IT
                0x0000000008005d70                I2S_WaitFlagStateUntilTimeout
 .text          0x0000000008005e24     0x1b5c ./Drivers//STM32F4xx_HAL_Driver/libstm32fw.a(stm32f4xx_hal_i2s_ex.o)
                0x0000000008005e24                HAL_I2S_Init
                0x000000000800608c                HAL_I2SEx_TransmitReceive
                0x0000000008006424                HAL_I2SEx_TransmitReceive_IT
                0x0000000008006748                HAL_I2SEx_TransmitReceive_DMA
                0x0000000008006af0                HAL_I2S_DMAPause
                0x0000000008006c2c                HAL_I2S_DMAResume
                0x0000000008006d84                HAL_I2S_DMAStop
                0x0000000008006ef0                HAL_I2S_IRQHandler
                0x0000000008007440                I2SEx_TransmitReceive_IT
                0x0000000008007758                I2S_DMATxCplt
                0x000000000800780c                I2S_DMARxCplt
                0x00000000080078c0                I2S_GetInputClock
 .text          0x0000000008007980      0xeec ./Drivers//STM32F4xx_HAL_Driver/libstm32fw.a(stm32f4xx_hal_rcc.o)
                0x000000000800798c                HAL_RCC_OscConfig
                0x0000000008007ef8                HAL_RCC_ClockConfig
                0x00000000080082bc                HAL_RCC_MCOConfig
                0x00000000080083bc                HAL_RCC_EnableCSS
                0x00000000080083d4                HAL_RCC_DisableCSS
                0x00000000080083ec                HAL_RCC_GetSysClockFreq
                0x0000000008008520                HAL_RCC_GetHCLKFreq
                0x0000000008008578                HAL_RCC_GetPCLK1Freq
                0x00000000080085c0                HAL_RCC_GetPCLK2Freq
                0x0000000008008608                HAL_RCC_GetOscConfig
                0x00000000080087c0                HAL_RCC_GetClockConfig
                0x0000000008008838                HAL_RCC_NMI_IRQHandler
                0x0000000008008860                HAL_RCC_CSSCallback
 .text          0x000000000800886c      0x3a4 ./Drivers//STM32F4xx_HAL_Driver/libstm32fw.a(stm32f4xx_hal_rcc_ex.o)
                0x000000000800886c                HAL_RCC_DeInit
                0x0000000008008934                HAL_RCCEx_PeriphCLKConfig
                0x0000000008008b78                HAL_RCCEx_GetPeriphCLKConfig
 .text          0x0000000008008c10     0x1f34 ./Drivers//STM32F4xx_HAL_Driver/libstm32fw.a(stm32f4xx_hal_spi.o)
                0x0000000008008c10                HAL_SPI_Init
                0x0000000008008cdc                HAL_SPI_DeInit
                0x0000000008008d4c                HAL_SPI_Transmit
                0x0000000008008fc8                HAL_SPI_Receive
                0x00000000080092d4                HAL_SPI_TransmitReceive
                0x000000000800978c                HAL_SPI_Transmit_IT
                0x00000000080098b0                HAL_SPI_Receive_IT
                0x00000000080099e4                HAL_SPI_TransmitReceive_IT
                0x0000000008009b14                HAL_SPI_Transmit_DMA
                0x0000000008009c5c                HAL_SPI_Receive_DMA
                0x0000000008009dd0                HAL_SPI_TransmitReceive_DMA
                0x0000000008009fb8                HAL_SPI_DMAPause
                0x000000000800a00c                HAL_SPI_DMAResume
                0x000000000800a060                HAL_SPI_DMAStop
                0x000000000800a0c0                HAL_SPI_IRQHandler
                0x000000000800a254                HAL_SPI_TxCpltCallback
                0x000000000800a268                HAL_SPI_RxCpltCallback
                0x000000000800a27c                HAL_SPI_TxRxCpltCallback
                0x000000000800a290                HAL_SPI_TxHalfCpltCallback
                0x000000000800a2a4                HAL_SPI_RxHalfCpltCallback
                0x000000000800a2b8                HAL_SPI_TxRxHalfCpltCallback
                0x000000000800a2cc                HAL_SPI_ErrorCallback
                0x000000000800a2e0                HAL_SPI_GetState
                0x000000000800a2fc                HAL_SPI_GetError
 .text          0x000000000800ab44      0x370 /usr/bin/../lib/gcc/arm-none-eabi/4.9.3/armv7e-m/softfp/libgcc.a(_arm_addsubdf3.o)
                0x000000000800ab44                __aeabi_drsub
                0x000000000800ab4c                __aeabi_dsub
                0x000000000800ab4c                __subdf3
                0x000000000800ab50                __adddf3
                0x000000000800ab50                __aeabi_dadd
                0x000000000800adc8                __aeabi_ui2d
                0x000000000800adc8                __floatunsidf
                0x000000000800ade8                __floatsidf
                0x000000000800ade8                __aeabi_i2d
                0x000000000800ae0c                __extendsfdf2
                0x000000000800ae0c                __aeabi_f2d
                0x000000000800ae48                __aeabi_ul2d
                0x000000000800ae48                __floatundidf
                0x000000000800ae58                __floatdidf
                0x000000000800ae58                __aeabi_l2d
 .text          0x000000000800aeb4      0x424 /usr/bin/../lib/gcc/arm-none-eabi/4.9.3/armv7e-m/softfp/libgcc.a(_arm_muldivdf3.o)
                0x000000000800aeb4                __aeabi_dmul
                0x000000000800aeb4                __muldf3
                0x000000000800b108                __aeabi_ddiv
                0x000000000800b108                __divdf3
 .text          0x000000000800b2d8       0x50 /usr/bin/../lib/gcc/arm-none-eabi/4.9.3/armv7e-m/softfp/libgcc.a(_arm_fixdfsi.o)
                0x000000000800b2d8                __fixdfsi
                0x000000000800b2d8                __aeabi_d2iz
 *(.text*)
 .text.Reset_Handler
                0x000000000800b328       0x50 Drivers/CMSIS/Device/ST/STM32F4xx//Source/Templates/gcc/startup_stm32f405xx.o
                0x000000000800b328                Reset_Handler
 *fill*         0x000000000800b378        0x8 
 .text.Default_Handler
                0x000000000800b380       0x14 Drivers/CMSIS/Device/ST/STM32F4xx//Source/Templates/gcc/startup_stm32f405xx.o
                0x000000000800b380                RTC_Alarm_IRQHandler
                0x000000000800b380                HASH_RNG_IRQHandler
                0x000000000800b380                EXTI2_IRQHandler
                0x000000000800b380                TIM8_CC_IRQHandler
                0x000000000800b380                DebugMon_Handler
                0x000000000800b380                TIM1_CC_IRQHandler
                0x000000000800b380                DMA2_Stream5_IRQHandler
                0x000000000800b380                HardFault_Handler
                0x000000000800b380                PVD_IRQHandler
                0x000000000800b380                SDIO_IRQHandler
                0x000000000800b380                TAMP_STAMP_IRQHandler
                0x000000000800b380                PendSV_Handler
                0x000000000800b380                NMI_Handler
                0x000000000800b380                CAN2_RX1_IRQHandler
                0x000000000800b380                EXTI3_IRQHandler
                0x000000000800b380                TIM8_TRG_COM_TIM14_IRQHandler
                0x000000000800b380                TIM1_UP_TIM10_IRQHandler
                0x000000000800b380                TIM8_UP_TIM13_IRQHandler
                0x000000000800b380                I2C3_ER_IRQHandler
                0x000000000800b380                EXTI0_IRQHandler
                0x000000000800b380                I2C2_EV_IRQHandler
                0x000000000800b380                DMA1_Stream2_IRQHandler
                0x000000000800b380                CAN1_RX0_IRQHandler
                0x000000000800b380                FPU_IRQHandler
                0x000000000800b380                OTG_HS_WKUP_IRQHandler
                0x000000000800b380                UsageFault_Handler
                0x000000000800b380                CAN2_SCE_IRQHandler
                0x000000000800b380                DMA2_Stream2_IRQHandler
                0x000000000800b380                SPI1_IRQHandler
                0x000000000800b380                TIM6_DAC_IRQHandler
                0x000000000800b380                TIM1_BRK_TIM9_IRQHandler
                0x000000000800b380                CAN2_RX0_IRQHandler
                0x000000000800b380                DMA2_Stream3_IRQHandler
                0x000000000800b380                USART6_IRQHandler
                0x000000000800b380                USART3_IRQHandler
                0x000000000800b380                CAN1_RX1_IRQHandler
                0x000000000800b380                UART5_IRQHandler
                0x000000000800b380                TIM4_IRQHandler
                0x000000000800b380                I2C1_EV_IRQHandler
                0x000000000800b380                DMA1_Stream6_IRQHandler
                0x000000000800b380                DMA1_Stream1_IRQHandler
                0x000000000800b380                UART4_IRQHandler
                0x000000000800b380                TIM3_IRQHandler
                0x000000000800b380                RCC_IRQHandler
                0x000000000800b380                TIM8_BRK_TIM12_IRQHandler
                0x000000000800b380                Default_Handler
                0x000000000800b380                EXTI15_10_IRQHandler
                0x000000000800b380                ADC_IRQHandler
                0x000000000800b380                DMA1_Stream7_IRQHandler
                0x000000000800b380                TIM7_IRQHandler
                0x000000000800b380                CAN2_TX_IRQHandler
                0x000000000800b380                TIM5_IRQHandler
                0x000000000800b380                DMA2_Stream7_IRQHandler
                0x000000000800b380                I2C3_EV_IRQHandler
                0x000000000800b380                EXTI9_5_IRQHandler
                0x000000000800b380                RTC_WKUP_IRQHandler
                0x000000000800b380                SPI2_IRQHandler
                0x000000000800b380                OTG_HS_EP1_IN_IRQHandler
                0x000000000800b380                MemManage_Handler
                0x000000000800b380                CAN1_TX_IRQHandler
                0x000000000800b380                SVC_Handler
                0x000000000800b380                EXTI4_IRQHandler
                0x000000000800b380                FSMC_IRQHandler
                0x000000000800b380                OTG_HS_EP1_OUT_IRQHandler
                0x000000000800b380                WWDG_IRQHandler
                0x000000000800b380                TIM2_IRQHandler
                0x000000000800b380                OTG_FS_WKUP_IRQHandler
                0x000000000800b380                TIM1_TRG_COM_TIM11_IRQHandler
                0x000000000800b380                OTG_HS_IRQHandler
                0x000000000800b380                EXTI1_IRQHandler
                0x000000000800b380                USART2_IRQHandler
                0x000000000800b380                I2C2_ER_IRQHandler
                0x000000000800b380                DMA2_Stream1_IRQHandler
                0x000000000800b380                CAN1_SCE_IRQHandler
                0x000000000800b380                FLASH_IRQHandler
                0x000000000800b380                DMA2_Stream4_IRQHandler
                0x000000000800b380                BusFault_Handler
                0x000000000800b380                USART1_IRQHandler
                0x000000000800b380                OTG_FS_IRQHandler
                0x000000000800b380                SPI3_IRQHandler
                0x000000000800b380                DMA1_Stream4_IRQHandler
                0x000000000800b380                I2C1_ER_IRQHandler
                0x000000000800b380                DMA2_Stream6_IRQHandler
                0x000000000800b380                DMA1_Stream3_IRQHandler
 .text.__libc_init_array
                0x000000000800b394       0x50 /usr/bin/../lib/gcc/arm-none-eabi/4.9.3/../../../../arm-none-eabi/lib/armv7e-m/softfp/libc.a(lib_a-init.o)
                0x000000000800b394                __libc_init_array
 .text.startup.register_fini
                0x000000000800b3e4       0x14 /usr/bin/../lib/gcc/arm-none-eabi/4.9.3/../../../../arm-none-eabi/lib/armv7e-m/softfp/libc.a(lib_a-__call_atexit.o)
 .text.atexit   0x000000000800b3f8        0xc /usr/bin/../lib/gcc/arm-none-eabi/4.9.3/../../../../arm-none-eabi/lib/armv7e-m/softfp/libc.a(lib_a-atexit.o)
                0x000000000800b3f8                atexit
 .text.__libc_fini_array
                0x000000000800b404       0x2c /usr/bin/../lib/gcc/arm-none-eabi/4.9.3/../../../../arm-none-eabi/lib/armv7e-m/softfp/libc.a(lib_a-fini.o)
                0x000000000800b404                __libc_fini_array
 .text.__register_exitproc
                0x000000000800b430       0xa4 /usr/bin/../lib/gcc/arm-none-eabi/4.9.3/../../../../arm-none-eabi/lib/armv7e-m/softfp/libc.a(lib_a-__atexit.o)
                0x000000000800b430                __register_exitproc
 *(.glue_7)
 .glue_7        0x0000000000000000        0x0 linker stubs
 *(.glue_7t)
 .glue_7t       0x0000000000000000        0x0 linker stubs
 *(.eh_frame)
 .eh_frame      0x000000000800b4d4        0x0 /usr/bin/../lib/gcc/arm-none-eabi/4.9.3/armv7e-m/softfp/crtbegin.o
 *(.init)
 .init          0x000000000800b4d4        0x4 /usr/bin/../lib/gcc/arm-none-eabi/4.9.3/armv7e-m/softfp/crti.o
                0x000000000800b4d4                _init
 .init          0x000000000800b4d8        0x8 /usr/bin/../lib/gcc/arm-none-eabi/4.9.3/armv7e-m/softfp/crtn.o
 *(.fini)
 .fini          0x000000000800b4e0        0x4 /usr/bin/../lib/gcc/arm-none-eabi/4.9.3/armv7e-m/softfp/crti.o
                0x000000000800b4e0                _fini
 .fini          0x000000000800b4e4        0x8 /usr/bin/../lib/gcc/arm-none-eabi/4.9.3/armv7e-m/softfp/crtn.o
                0x000000000800b4ec                . = ALIGN (0x4)
                0x000000000800b4ec                _etext = .

.vfp11_veneer   0x000000000800b4ec        0x0
 .vfp11_veneer  0x0000000000000000        0x0 linker stubs

.v4_bx          0x000000000800b4ec        0x0
 .v4_bx         0x0000000000000000        0x0 linker stubs

.iplt           0x000000000800b4ec        0x0
 .iplt          0x0000000000000000        0x0 /usr/bin/../lib/gcc/arm-none-eabi/4.9.3/armv7e-m/softfp/crtbegin.o

.rodata         0x000000000800b4ec       0x34
                0x000000000800b4ec                . = ALIGN (0x4)
 *(.rodata)
 .rodata        0x000000000800b4ec       0x10 Drivers/CMSIS/Device/ST/STM32F4xx//Source/Templates/system_stm32f4xx.o
                0x000000000800b4ec                AHBPrescTable
 .rodata        0x000000000800b4fc        0x2 Src/wm8731.o
 *fill*         0x000000000800b4fe        0x2 
 .rodata        0x000000000800b500        0x8 ./Drivers//STM32F4xx_HAL_Driver/libstm32fw.a(stm32f4xx_hal_dma.o)
 .rodata        0x000000000800b508       0x10 ./Drivers//STM32F4xx_HAL_Driver/libstm32fw.a(stm32f4xx_hal_rcc.o)
                0x000000000800b508                APBAHBPrescTable
 *(.rodata*)
 .rodata.str1.4
                0x000000000800b518        0x4 /usr/bin/../lib/gcc/arm-none-eabi/4.9.3/../../../../arm-none-eabi/lib/armv7e-m/softfp/libc.a(lib_a-impure.o)
                                          0x2 (size before relaxing)
 .rodata._global_impure_ptr
                0x000000000800b51c        0x4 /usr/bin/../lib/gcc/arm-none-eabi/4.9.3/../../../../arm-none-eabi/lib/armv7e-m/softfp/libc.a(lib_a-impure.o)
                0x000000000800b51c                _global_impure_ptr
                0x000000000800b520                . = ALIGN (0x4)

.rel.dyn        0x000000000800b520        0x0
 .rel.iplt      0x0000000000000000        0x0 /usr/bin/../lib/gcc/arm-none-eabi/4.9.3/armv7e-m/softfp/crtbegin.o

.ARM.extab
 *(.ARM.extab* .gnu.linkonce.armextab.*)

.ARM            0x000000000800b520        0x0
                0x000000000800b520                __exidx_start = .
 *(.ARM.exidx*)
                0x000000000800b520                __exidx_end = .

.preinit_array  0x000000000800b520        0x0
                0x000000000800b520                PROVIDE (__preinit_array_start, .)
 *(.preinit_array*)
                0x000000000800b520                PROVIDE (__preinit_array_end, .)

.init_array     0x000000000800b520        0x8
                0x000000000800b520                PROVIDE (__init_array_start, .)
 *(SORT(.init_array.*))
 .init_array.00000
                0x000000000800b520        0x4 /usr/bin/../lib/gcc/arm-none-eabi/4.9.3/../../../../arm-none-eabi/lib/armv7e-m/softfp/libc.a(lib_a-__call_atexit.o)
 *(.init_array*)
 .init_array    0x000000000800b524        0x4 /usr/bin/../lib/gcc/arm-none-eabi/4.9.3/armv7e-m/softfp/crtbegin.o
                0x000000000800b528                PROVIDE (__init_array_end, .)

.fini_array     0x000000000800b528        0x4
                0x000000000800b528                PROVIDE (__fini_array_start, .)
 *(SORT(.fini_array.*))
 *(.fini_array*)
 .fini_array    0x000000000800b528        0x4 /usr/bin/../lib/gcc/arm-none-eabi/4.9.3/armv7e-m/softfp/crtbegin.o
                0x000000000800b52c                PROVIDE (__fini_array_end, .)
                0x000000000800b52c                _sidata = LOADADDR (.data)

.data           0x0000000020000000      0x430 load address 0x000000000800b52c
                0x0000000020000000                . = ALIGN (0x4)
                0x0000000020000000                _sdata = .
 *(.data)
 .data          0x0000000020000000        0x4 Drivers/CMSIS/Device/ST/STM32F4xx//Source/Templates/system_stm32f4xx.o
                0x0000000020000000                SystemCoreClock
 .data          0x0000000020000004        0x4 Src/tremolo_one.o
 *(.data*)
 .data.impure_data
                0x0000000020000008      0x428 /usr/bin/../lib/gcc/arm-none-eabi/4.9.3/../../../../arm-none-eabi/lib/armv7e-m/softfp/libc.a(lib_a-impure.o)
                0x0000000020000430                . = ALIGN (0x4)
                0x0000000020000430                _edata = .
                0x000000000800b95c                _siccmram = LOADADDR (.ccmram)

.jcr            0x0000000020000430        0x0 load address 0x000000000800b95c
 .jcr           0x0000000020000430        0x0 /usr/bin/../lib/gcc/arm-none-eabi/4.9.3/armv7e-m/softfp/crtbegin.o

.igot.plt       0x0000000020000430        0x0 load address 0x000000000800b95c
 .igot.plt      0x0000000000000000        0x0 /usr/bin/../lib/gcc/arm-none-eabi/4.9.3/armv7e-m/softfp/crtbegin.o

.ccmram         0x0000000010000000        0x0 load address 0x000000000800b95c
                0x0000000010000000                . = ALIGN (0x4)
                0x0000000010000000                _sccmram = .
 *(.ccmram)
 *(.ccmram*)
                0x0000000010000000                . = ALIGN (0x4)
                0x0000000010000000                _eccmram = .
                0x0000000010000000                . = ALIGN (0x4)

.bss            0x0000000020000430      0xa54
                0x0000000020000430                _sbss = .
                0x0000000020000430                __bss_start__ = _sbss
 *(.bss)
 .bss           0x0000000020000430       0x1c /usr/bin/../lib/gcc/arm-none-eabi/4.9.3/armv7e-m/softfp/crtbegin.o
 .bss           0x000000002000044c       0x9c Src/adc.o
                0x000000002000044c                hadc3
                0x0000000020000490                hdma_adc3
 .bss           0x00000000200004e8       0x14 Src/dac.o
                0x00000000200004e8                hdac
 .bss           0x00000000200004fc       0xf4 Src/i2s.o
                0x00000000200004fc                hi2s3
                0x0000000020000540                hdma_i2s3_ext_tx
                0x0000000020000598                hdma_spi3_rx
 .bss           0x00000000200005f0      0x82c Src/main.o
                0x00000000200005f0                codec_rx_buffer_a
                0x00000000200009f0                codec_tx_buffer_a
                0x0000000020000df0                wah_pot_buffer
                0x0000000020000e00                block_tick
                0x0000000020000e04                block_half
                0x0000000020000e08                patch
                0x0000000020000e0c                nt
                0x0000000020000e10                nr
                0x0000000020000e14                nth
                0x0000000020000e18                nrh
 .bss           0x0000000020000e1c       0x58 Src/spi.o
                0x0000000020000e1c                hspi2
 .bss           0x0000000020000e74        0xc Src/tremolo_one.o
 .bss           0x0000000020000e80        0x4 ./Drivers//STM32F4xx_HAL_Driver/libstm32fw.a(stm32f4xx_hal.o)
 *(.bss*)
 *(COMMON)
                0x0000000020000e84                . = ALIGN (0x4)
                0x0000000020000e84                _ebss = .
                0x0000000020000e84                __bss_end__ = _ebss

._user_heap_stack
                0x0000000020000e84      0x400
                0x0000000020000e84                . = ALIGN (0x4)
                0x0000000020000e84                PROVIDE (end, .)
                0x0000000020000e84                PROVIDE (_end, .)
                0x0000000020000e84                . = (. + _Min_Heap_Size)
                0x0000000020001284                . = (. + _Min_Stack_Size)
 *fill*         0x0000000020000e84      0x400 
                0x0000000020001284                . = ALIGN (0x4)

/DISCARD/
 libc.a(*)
 libm.a(*)
 libgcc.a(*)

.ARM.attributes
                0x0000000000000000       0x2e
 *(.ARM.attributes)
 .ARM.attributes
                0x0000000000000000       0x22 /usr/bin/../lib/gcc/arm-none-eabi/4.9.3/armv7e-m/softfp/crti.o
 .ARM.attributes
                0x0000000000000022       0x32 /usr/bin/../lib/gcc/arm-none-eabi/4.9.3/armv7e-m/softfp/crtbegin.o
 .ARM.attributes
                0x0000000000000054       0x21 Drivers/CMSIS/Device/ST/STM32F4xx//Source/Templates/gcc/startup_stm32f405xx.o
 .ARM.attributes
                0x0000000000000075       0x37 Drivers/CMSIS/Device/ST/STM32F4xx//Source/Templates/system_stm32f4xx.o
 .ARM.attributes
                0x00000000000000ac       0x37 Src/adc.o
 .ARM.attributes
                0x00000000000000e3       0x37 Src/dac.o
 .ARM.attributes
                0x000000000000011a       0x37 Src/dma.o
 .ARM.attributes
                0x0000000000000151       0x37 Src/gpio.o
 .ARM.attributes
                0x0000000000000188       0x37 Src/i2s.o
 .ARM.attributes
                0x00000000000001bf       0x37 Src/main.o
 .ARM.attributes
                0x00000000000001f6       0x37 Src/spi.o
 .ARM.attributes
                0x000000000000022d       0x37 Src/stm32f4xx_hal_msp.o
 .ARM.attributes
                0x0000000000000264       0x37 Src/stm32f4xx_it.o
 .ARM.attributes
                0x000000000000029b       0x37 Src/tremolo_one.o
 .ARM.attributes
                0x00000000000002d2       0x37 Src/user_controls.o
 .ARM.attributes
                0x0000000000000309       0x37 Src/wm8731.o
 .ARM.attributes
                0x0000000000000340       0x37 ./Drivers//STM32F4xx_HAL_Driver/libstm32fw.a(stm32f4xx_hal.o)
 .ARM.attributes
                0x0000000000000377       0x37 ./Drivers//STM32F4xx_HAL_Driver/libstm32fw.a(stm32f4xx_hal_adc.o)
 .ARM.attributes
                0x00000000000003ae       0x37 ./Drivers//STM32F4xx_HAL_Driver/libstm32fw.a(stm32f4xx_hal_adc_ex.o)
 .ARM.attributes
                0x00000000000003e5       0x37 ./Drivers//STM32F4xx_HAL_Driver/libstm32fw.a(stm32f4xx_hal_cortex.o)
 .ARM.attributes
                0x000000000000041c       0x37 ./Drivers//STM32F4xx_HAL_Driver/libstm32fw.a(stm32f4xx_hal_dac.o)
 .ARM.attributes
                0x0000000000000453       0x37 ./Drivers//STM32F4xx_HAL_Driver/libstm32fw.a(stm32f4xx_hal_dac_ex.o)
 .ARM.attributes
                0x000000000000048a       0x37 ./Drivers//STM32F4xx_HAL_Driver/libstm32fw.a(stm32f4xx_hal_dma.o)
 .ARM.attributes
                0x00000000000004c1       0x37 ./Drivers//STM32F4xx_HAL_Driver/libstm32fw.a(stm32f4xx_hal_gpio.o)
 .ARM.attributes
                0x00000000000004f8       0x37 ./Drivers//STM32F4xx_HAL_Driver/libstm32fw.a(stm32f4xx_hal_i2s.o)
 .ARM.attributes
                0x000000000000052f       0x37 ./Drivers//STM32F4xx_HAL_Driver/libstm32fw.a(stm32f4xx_hal_i2s_ex.o)
 .ARM.attributes
                0x0000000000000566       0x37 ./Drivers//STM32F4xx_HAL_Driver/libstm32fw.a(stm32f4xx_hal_rcc.o)
 .ARM.attributes
                0x000000000000059d       0x37 ./Drivers//STM32F4xx_HAL_Driver/libstm32fw.a(stm32f4xx_hal_rcc_ex.o)
 .ARM.attributes
                0x00000000000005d4       0x37 ./Drivers//STM32F4xx_HAL_Driver/libstm32fw.a(stm32f4xx_hal_spi.o)
 .ARM.attributes
                0x000000000000060b       0x22 /usr/bin/../lib/gcc/arm-none-eabi/4.9.3/armv7e-m/softfp/libgcc.a(_arm_addsubdf3.o)
 .ARM.attributes
                0x000000000000062d       0x22 /usr/bin/../lib/gcc/arm-none-eabi/4.9.3/armv7e-m/softfp/libgcc.a(_arm_muldivdf3.o)
 .ARM.attributes
                0x000000000000064f       0x22 /usr/bin/../lib/gcc/arm-none-eabi/4.9.3/armv7e-m/softfp/libgcc.a(_arm_fixdfsi.o)
 .ARM.attributes
                0x0000000000000671       0x32 /usr/bin/../lib/gcc/arm-none-eabi/4.9.3/../../../../arm-none-eabi/lib/armv7e-m/softfp/libc.a(lib_a-impure.o)
 .ARM.attributes
                0x00000000000006a3       0x32 /usr/bin/../lib/gcc/arm-none-eabi/4.9.3/../../../../arm-none-eabi/lib/armv7e-m/softfp/libc.a(lib_a-init.o)
 .ARM.attributes
                0x00000000000006d5       0x32 /usr/bin/../lib/gcc/arm-none-eabi/4.9.3/../../../../arm-none-eabi/lib/armv7e-m/softfp/libc.a(lib_a-__call_atexit.o)
 .ARM.attributes
                0x0000000000000707       0x32 /usr/bin/../lib/gcc/arm-none-eabi/4.9.3/../../../../arm-none-eabi/lib/armv7e-m/softfp/libc.a(lib_a-atexit.o)
 .ARM.attributes
                0x0000000000000739       0x32 /usr/bin/../lib/gcc/arm-none-eabi/4.9.3/../../../../arm-none-eabi/lib/armv7e-m/softfp/libc.a(lib_a-fini.o)
 .ARM.attributes
                0x000000000000076b       0x32 /usr/bin/../lib/gcc/arm-none-eabi/4.9.3/../../../../arm-none-eabi/lib/armv7e-m/softfp/libc.a(lib_a-__atexit.o)
 .ARM.attributes
                0x000000000000079d       0x22 /usr/bin/../lib/gcc/arm-none-eabi/4.9.3/armv7e-m/softfp/crtn.o
OUTPUT(main.out elf32-littlearm)

.debug_line     0x0000000000000000     0x486c
 .debug_line    0x0000000000000000       0xaf Drivers/CMSIS/Device/ST/STM32F4xx//Source/Templates/gcc/startup_stm32f405xx.o
 .debug_line    0x00000000000000af      0x15b Drivers/CMSIS/Device/ST/STM32F4xx//Source/Templates/system_stm32f4xx.o
 .debug_line    0x000000000000020a      0x1b6 Src/adc.o
 .debug_line    0x00000000000003c0      0x18d Src/dac.o
 .debug_line    0x000000000000054d      0x104 Src/dma.o
 .debug_line    0x0000000000000651      0x16a Src/gpio.o
 .debug_line    0x00000000000007bb      0x1bf Src/i2s.o
 .debug_line    0x000000000000097a      0x29d Src/main.o
 .debug_line    0x0000000000000c17      0x196 Src/spi.o
 .debug_line    0x0000000000000dad      0x10c Src/stm32f4xx_hal_msp.o
 .debug_line    0x0000000000000eb9      0x161 Src/stm32f4xx_it.o
 .debug_line    0x000000000000101a      0x10e Src/tremolo_one.o
 .debug_line    0x0000000000001128      0x144 Src/user_controls.o
 .debug_line    0x000000000000126c      0x1a5 Src/wm8731.o
 .debug_line    0x0000000000001411      0x1e2 ./Drivers//STM32F4xx_HAL_Driver/libstm32fw.a(stm32f4xx_hal.o)
 .debug_line    0x00000000000015f3      0x412 ./Drivers//STM32F4xx_HAL_Driver/libstm32fw.a(stm32f4xx_hal_adc.o)
 .debug_line    0x0000000000001a05      0x37e ./Drivers//STM32F4xx_HAL_Driver/libstm32fw.a(stm32f4xx_hal_adc_ex.o)
 .debug_line    0x0000000000001d83      0x295 ./Drivers//STM32F4xx_HAL_Driver/libstm32fw.a(stm32f4xx_hal_cortex.o)
 .debug_line    0x0000000000002018      0x2b5 ./Drivers//STM32F4xx_HAL_Driver/libstm32fw.a(stm32f4xx_hal_dac.o)
 .debug_line    0x00000000000022cd      0x1fe ./Drivers//STM32F4xx_HAL_Driver/libstm32fw.a(stm32f4xx_hal_dac_ex.o)
 .debug_line    0x00000000000024cb      0x2c0 ./Drivers//STM32F4xx_HAL_Driver/libstm32fw.a(stm32f4xx_hal_dma.o)
 .debug_line    0x000000000000278b      0x2ec ./Drivers//STM32F4xx_HAL_Driver/libstm32fw.a(stm32f4xx_hal_gpio.o)
 .debug_line    0x0000000000002a77      0x4f0 ./Drivers//STM32F4xx_HAL_Driver/libstm32fw.a(stm32f4xx_hal_i2s.o)
 .debug_line    0x0000000000002f67      0xab3 ./Drivers//STM32F4xx_HAL_Driver/libstm32fw.a(stm32f4xx_hal_i2s_ex.o)
 .debug_line    0x0000000000003a1a      0x4bf ./Drivers//STM32F4xx_HAL_Driver/libstm32fw.a(stm32f4xx_hal_rcc.o)
 .debug_line    0x0000000000003ed9      0x223 ./Drivers//STM32F4xx_HAL_Driver/libstm32fw.a(stm32f4xx_hal_rcc_ex.o)
 .debug_line    0x00000000000040fc      0x770 ./Drivers//STM32F4xx_HAL_Driver/libstm32fw.a(stm32f4xx_hal_spi.o)

.debug_info     0x0000000000000000     0xd34f
 .debug_info    0x0000000000000000       0xb0 Drivers/CMSIS/Device/ST/STM32F4xx//Source/Templates/gcc/startup_stm32f405xx.o
 .debug_info    0x00000000000000b0      0x4a0 Drivers/CMSIS/Device/ST/STM32F4xx//Source/Templates/system_stm32f4xx.o
 .debug_info    0x0000000000000550      0x93b Src/adc.o
 .debug_info    0x0000000000000e8b      0x7e5 Src/dac.o
 .debug_info    0x0000000000001670      0x4ce Src/dma.o
 .debug_info    0x0000000000001b3e      0x43b Src/gpio.o
 .debug_info    0x0000000000001f79      0x887 Src/i2s.o
 .debug_info    0x0000000000002800     0x1018 Src/main.o
 .debug_info    0x0000000000003818      0x8ac Src/spi.o
 .debug_info    0x00000000000040c4      0x2e5 Src/stm32f4xx_hal_msp.o
 .debug_info    0x00000000000043a9      0x36b Src/stm32f4xx_it.o
 .debug_info    0x0000000000004714      0x189 Src/tremolo_one.o
 .debug_info    0x000000000000489d      0x1a9 Src/user_controls.o
 .debug_info    0x0000000000004a46      0x68f Src/wm8731.o
 .debug_info    0x00000000000050d5      0x830 ./Drivers//STM32F4xx_HAL_Driver/libstm32fw.a(stm32f4xx_hal.o)
 .debug_info    0x0000000000005905      0xc7f ./Drivers//STM32F4xx_HAL_Driver/libstm32fw.a(stm32f4xx_hal_adc.o)
 .debug_info    0x0000000000006584      0xa86 ./Drivers//STM32F4xx_HAL_Driver/libstm32fw.a(stm32f4xx_hal_adc_ex.o)
 .debug_info    0x000000000000700a      0xcf1 ./Drivers//STM32F4xx_HAL_Driver/libstm32fw.a(stm32f4xx_hal_cortex.o)
 .debug_info    0x0000000000007cfb      0x97a ./Drivers//STM32F4xx_HAL_Driver/libstm32fw.a(stm32f4xx_hal_dac.o)
 .debug_info    0x0000000000008675      0x704 ./Drivers//STM32F4xx_HAL_Driver/libstm32fw.a(stm32f4xx_hal_dac_ex.o)
 .debug_info    0x0000000000008d79      0x6ea ./Drivers//STM32F4xx_HAL_Driver/libstm32fw.a(stm32f4xx_hal_dma.o)
 .debug_info    0x0000000000009463      0x6f8 ./Drivers//STM32F4xx_HAL_Driver/libstm32fw.a(stm32f4xx_hal_gpio.o)
 .debug_info    0x0000000000009b5b      0xcbb ./Drivers//STM32F4xx_HAL_Driver/libstm32fw.a(stm32f4xx_hal_i2s.o)
 .debug_info    0x000000000000a816      0xbaa ./Drivers//STM32F4xx_HAL_Driver/libstm32fw.a(stm32f4xx_hal_i2s_ex.o)
 .debug_info    0x000000000000b3c0      0xb11 ./Drivers//STM32F4xx_HAL_Driver/libstm32fw.a(stm32f4xx_hal_rcc.o)
 .debug_info    0x000000000000bed1      0x4fe ./Drivers//STM32F4xx_HAL_Driver/libstm32fw.a(stm32f4xx_hal_rcc_ex.o)
 .debug_info    0x000000000000c3cf      0xf80 ./Drivers//STM32F4xx_HAL_Driver/libstm32fw.a(stm32f4xx_hal_spi.o)

.debug_abbrev   0x0000000000000000     0x2895
 .debug_abbrev  0x0000000000000000       0x12 Drivers/CMSIS/Device/ST/STM32F4xx//Source/Templates/gcc/startup_stm32f405xx.o
 .debug_abbrev  0x0000000000000012      0x101 Drivers/CMSIS/Device/ST/STM32F4xx//Source/Templates/system_stm32f4xx.o
 .debug_abbrev  0x0000000000000113      0x15b Src/adc.o
 .debug_abbrev  0x000000000000026e      0x15b Src/dac.o
 .debug_abbrev  0x00000000000003c9       0xec Src/dma.o
 .debug_abbrev  0x00000000000004b5      0x101 Src/gpio.o
 .debug_abbrev  0x00000000000005b6      0x173 Src/i2s.o
 .debug_abbrev  0x0000000000000729      0x1f7 Src/main.o
 .debug_abbrev  0x0000000000000920      0x173 Src/spi.o
 .debug_abbrev  0x0000000000000a93       0x7d Src/stm32f4xx_hal_msp.o
 .debug_abbrev  0x0000000000000b10      0x111 Src/stm32f4xx_it.o
 .debug_abbrev  0x0000000000000c21       0xce Src/tremolo_one.o
 .debug_abbrev  0x0000000000000cef       0xc7 Src/user_controls.o
 .debug_abbrev  0x0000000000000db6      0x141 Src/wm8731.o
 .debug_abbrev  0x0000000000000ef7      0x1ee ./Drivers//STM32F4xx_HAL_Driver/libstm32fw.a(stm32f4xx_hal.o)
 .debug_abbrev  0x00000000000010e5      0x222 ./Drivers//STM32F4xx_HAL_Driver/libstm32fw.a(stm32f4xx_hal_adc.o)
 .debug_abbrev  0x0000000000001307      0x1e2 ./Drivers//STM32F4xx_HAL_Driver/libstm32fw.a(stm32f4xx_hal_adc_ex.o)
 .debug_abbrev  0x00000000000014e9      0x2be ./Drivers//STM32F4xx_HAL_Driver/libstm32fw.a(stm32f4xx_hal_cortex.o)
 .debug_abbrev  0x00000000000017a7      0x1c4 ./Drivers//STM32F4xx_HAL_Driver/libstm32fw.a(stm32f4xx_hal_dac.o)
 .debug_abbrev  0x000000000000196b      0x183 ./Drivers//STM32F4xx_HAL_Driver/libstm32fw.a(stm32f4xx_hal_dac_ex.o)
 .debug_abbrev  0x0000000000001aee      0x204 ./Drivers//STM32F4xx_HAL_Driver/libstm32fw.a(stm32f4xx_hal_dma.o)
 .debug_abbrev  0x0000000000001cf2      0x1aa ./Drivers//STM32F4xx_HAL_Driver/libstm32fw.a(stm32f4xx_hal_gpio.o)
 .debug_abbrev  0x0000000000001e9c      0x1e7 ./Drivers//STM32F4xx_HAL_Driver/libstm32fw.a(stm32f4xx_hal_i2s.o)
 .debug_abbrev  0x0000000000002083      0x1df ./Drivers//STM32F4xx_HAL_Driver/libstm32fw.a(stm32f4xx_hal_i2s_ex.o)
 .debug_abbrev  0x0000000000002262      0x294 ./Drivers//STM32F4xx_HAL_Driver/libstm32fw.a(stm32f4xx_hal_rcc.o)
 .debug_abbrev  0x00000000000024f6      0x195 ./Drivers//STM32F4xx_HAL_Driver/libstm32fw.a(stm32f4xx_hal_rcc_ex.o)
 .debug_abbrev  0x000000000000268b      0x20a ./Drivers//STM32F4xx_HAL_Driver/libstm32fw.a(stm32f4xx_hal_spi.o)

.debug_aranges  0x0000000000000000      0x368
 .debug_aranges
                0x0000000000000000       0x28 Drivers/CMSIS/Device/ST/STM32F4xx//Source/Templates/gcc/startup_stm32f405xx.o
 .debug_aranges
                0x0000000000000028       0x20 Drivers/CMSIS/Device/ST/STM32F4xx//Source/Templates/system_stm32f4xx.o
 .debug_aranges
                0x0000000000000048       0x20 Src/adc.o
 .debug_aranges
                0x0000000000000068       0x20 Src/dac.o
 .debug_aranges
                0x0000000000000088       0x20 Src/dma.o
 .debug_aranges
                0x00000000000000a8       0x20 Src/gpio.o
 .debug_aranges
                0x00000000000000c8       0x20 Src/i2s.o
 .debug_aranges
                0x00000000000000e8       0x20 Src/main.o
 .debug_aranges
                0x0000000000000108       0x20 Src/spi.o
 .debug_aranges
                0x0000000000000128       0x20 Src/stm32f4xx_hal_msp.o
 .debug_aranges
                0x0000000000000148       0x20 Src/stm32f4xx_it.o
 .debug_aranges
                0x0000000000000168       0x20 Src/tremolo_one.o
 .debug_aranges
                0x0000000000000188       0x20 Src/user_controls.o
 .debug_aranges
                0x00000000000001a8       0x20 Src/wm8731.o
 .debug_aranges
                0x00000000000001c8       0x20 ./Drivers//STM32F4xx_HAL_Driver/libstm32fw.a(stm32f4xx_hal.o)
 .debug_aranges
                0x00000000000001e8       0x20 ./Drivers//STM32F4xx_HAL_Driver/libstm32fw.a(stm32f4xx_hal_adc.o)
 .debug_aranges
                0x0000000000000208       0x20 ./Drivers//STM32F4xx_HAL_Driver/libstm32fw.a(stm32f4xx_hal_adc_ex.o)
 .debug_aranges
                0x0000000000000228       0x20 ./Drivers//STM32F4xx_HAL_Driver/libstm32fw.a(stm32f4xx_hal_cortex.o)
 .debug_aranges
                0x0000000000000248       0x20 ./Drivers//STM32F4xx_HAL_Driver/libstm32fw.a(stm32f4xx_hal_dac.o)
 .debug_aranges
                0x0000000000000268       0x20 ./Drivers//STM32F4xx_HAL_Driver/libstm32fw.a(stm32f4xx_hal_dac_ex.o)
 .debug_aranges
                0x0000000000000288       0x20 ./Drivers//STM32F4xx_HAL_Driver/libstm32fw.a(stm32f4xx_hal_dma.o)
 .debug_aranges
                0x00000000000002a8       0x20 ./Drivers//STM32F4xx_HAL_Driver/libstm32fw.a(stm32f4xx_hal_gpio.o)
 .debug_aranges
                0x00000000000002c8       0x20 ./Drivers//STM32F4xx_HAL_Driver/libstm32fw.a(stm32f4xx_hal_i2s.o)
 .debug_aranges
                0x00000000000002e8       0x20 ./Drivers//STM32F4xx_HAL_Driver/libstm32fw.a(stm32f4xx_hal_i2s_ex.o)
 .debug_aranges
                0x0000000000000308       0x20 ./Drivers//STM32F4xx_HAL_Driver/libstm32fw.a(stm32f4xx_hal_rcc.o)
 .debug_aranges
                0x0000000000000328       0x20 ./Drivers//STM32F4xx_HAL_Driver/libstm32fw.a(stm32f4xx_hal_rcc_ex.o)
 .debug_aranges
                0x0000000000000348       0x20 ./Drivers//STM32F4xx_HAL_Driver/libstm32fw.a(stm32f4xx_hal_spi.o)

.debug_ranges   0x0000000000000000       0x20
 .debug_ranges  0x0000000000000000       0x20 Drivers/CMSIS/Device/ST/STM32F4xx//Source/Templates/gcc/startup_stm32f405xx.o

.debug_str      0x0000000000000000     0x30db
 .debug_str     0x0000000000000000      0x352 Drivers/CMSIS/Device/ST/STM32F4xx//Source/Templates/system_stm32f4xx.o
                                        0x3b7 (size before relaxing)
 .debug_str     0x0000000000000352      0x5de Src/adc.o
                                        0x909 (size before relaxing)
 .debug_str     0x0000000000000930      0x178 Src/dac.o
                                        0x760 (size before relaxing)
 .debug_str     0x0000000000000aa8      0x4e8 Src/dma.o
                                        0x79f (size before relaxing)
 .debug_str     0x0000000000000f90       0x18 Src/gpio.o
                                        0x362 (size before relaxing)
 .debug_str     0x0000000000000fa8      0x204 Src/i2s.o
                                        0x7fe (size before relaxing)
 .debug_str     0x00000000000011ac      0x459 Src/main.o
                                       0x1090 (size before relaxing)
 .debug_str     0x0000000000001605       0x3e Src/spi.o
                                        0x7fe (size before relaxing)
 .debug_str     0x0000000000001643       0x24 Src/stm32f4xx_hal_msp.o
                                        0x6aa (size before relaxing)
 .debug_str     0x0000000000001667       0x6b Src/stm32f4xx_it.o
                                        0x4f4 (size before relaxing)
 .debug_str     0x00000000000016d2       0x9f Src/tremolo_one.o
                                        0x245 (size before relaxing)
 .debug_str     0x0000000000001771       0x49 Src/user_controls.o
                                        0x243 (size before relaxing)
 .debug_str     0x00000000000017ba       0x2d Src/wm8731.o
                                        0x6b3 (size before relaxing)
 .debug_str     0x00000000000017e7      0x320 ./Drivers//STM32F4xx_HAL_Driver/libstm32fw.a(stm32f4xx_hal.o)
                                        0x9df (size before relaxing)
 .debug_str     0x0000000000001b07      0x25f ./Drivers//STM32F4xx_HAL_Driver/libstm32fw.a(stm32f4xx_hal_adc.o)
                                        0xa4b (size before relaxing)
 .debug_str     0x0000000000001d66      0x2e2 ./Drivers//STM32F4xx_HAL_Driver/libstm32fw.a(stm32f4xx_hal_adc_ex.o)
                                        0xa71 (size before relaxing)
 .debug_str     0x0000000000002048      0x364 ./Drivers//STM32F4xx_HAL_Driver/libstm32fw.a(stm32f4xx_hal_cortex.o)
                                        0xb88 (size before relaxing)
 .debug_str     0x00000000000023ac      0x19d ./Drivers//STM32F4xx_HAL_Driver/libstm32fw.a(stm32f4xx_hal_dac.o)
                                        0x7a2 (size before relaxing)
 .debug_str     0x0000000000002549      0x155 ./Drivers//STM32F4xx_HAL_Driver/libstm32fw.a(stm32f4xx_hal_dac_ex.o)
                                        0x6d2 (size before relaxing)
 .debug_str     0x000000000000269e      0x177 ./Drivers//STM32F4xx_HAL_Driver/libstm32fw.a(stm32f4xx_hal_dma.o)
                                        0x617 (size before relaxing)
 .debug_str     0x0000000000002815      0x133 ./Drivers//STM32F4xx_HAL_Driver/libstm32fw.a(stm32f4xx_hal_gpio.o)
                                        0x4b1 (size before relaxing)
 .debug_str     0x0000000000002948      0x199 ./Drivers//STM32F4xx_HAL_Driver/libstm32fw.a(stm32f4xx_hal_i2s.o)
                                        0x8a3 (size before relaxing)
 .debug_str     0x0000000000002ae1       0xd0 ./Drivers//STM32F4xx_HAL_Driver/libstm32fw.a(stm32f4xx_hal_i2s_ex.o)
                                        0x8ba (size before relaxing)
 .debug_str     0x0000000000002bb1      0x17b ./Drivers//STM32F4xx_HAL_Driver/libstm32fw.a(stm32f4xx_hal_rcc.o)
                                        0x665 (size before relaxing)
 .debug_str     0x0000000000002d2c       0x68 ./Drivers//STM32F4xx_HAL_Driver/libstm32fw.a(stm32f4xx_hal_rcc_ex.o)
                                        0x3f5 (size before relaxing)
 .debug_str     0x0000000000002d94      0x347 ./Drivers//STM32F4xx_HAL_Driver/libstm32fw.a(stm32f4xx_hal_spi.o)
                                        0xa13 (size before relaxing)

.comment        0x0000000000000000       0x8f
 .comment       0x0000000000000000       0x70 Drivers/CMSIS/Device/ST/STM32F4xx//Source/Templates/system_stm32f4xx.o
                                         0x71 (size before relaxing)
 .comment       0x0000000000000000       0x71 Src/adc.o
 .comment       0x0000000000000000       0x71 Src/dac.o
 .comment       0x0000000000000000       0x71 Src/dma.o
 .comment       0x0000000000000000       0x71 Src/gpio.o
 .comment       0x0000000000000000       0x71 Src/i2s.o
 .comment       0x0000000000000000       0x71 Src/main.o
 .comment       0x0000000000000000       0x71 Src/spi.o
 .comment       0x0000000000000000       0x71 Src/stm32f4xx_hal_msp.o
 .comment       0x0000000000000000       0x71 Src/stm32f4xx_it.o
 .comment       0x0000000000000000       0x71 Src/tremolo_one.o
 .comment       0x0000000000000000       0x71 Src/user_controls.o
 .comment       0x0000000000000000       0x71 Src/wm8731.o
 .comment       0x0000000000000070       0x1f ./Drivers//STM32F4xx_HAL_Driver/libstm32fw.a(stm32f4xx_hal.o)
                                         0x20 (size before relaxing)
 .comment       0x0000000000000000       0x20 ./Drivers//STM32F4xx_HAL_Driver/libstm32fw.a(stm32f4xx_hal_adc.o)
 .comment       0x0000000000000000       0x20 ./Drivers//STM32F4xx_HAL_Driver/libstm32fw.a(stm32f4xx_hal_adc_ex.o)
 .comment       0x0000000000000000       0x20 ./Drivers//STM32F4xx_HAL_Driver/libstm32fw.a(stm32f4xx_hal_cortex.o)
 .comment       0x0000000000000000       0x20 ./Drivers//STM32F4xx_HAL_Driver/libstm32fw.a(stm32f4xx_hal_dac.o)
 .comment       0x0000000000000000       0x20 ./Drivers//STM32F4xx_HAL_Driver/libstm32fw.a(stm32f4xx_hal_dac_ex.o)
 .comment       0x0000000000000000       0x20 ./Drivers//STM32F4xx_HAL_Driver/libstm32fw.a(stm32f4xx_hal_dma.o)
 .comment       0x0000000000000000       0x20 ./Drivers//STM32F4xx_HAL_Driver/libstm32fw.a(stm32f4xx_hal_gpio.o)
 .comment       0x0000000000000000       0x20 ./Drivers//STM32F4xx_HAL_Driver/libstm32fw.a(stm32f4xx_hal_i2s.o)
 .comment       0x0000000000000000       0x20 ./Drivers//STM32F4xx_HAL_Driver/libstm32fw.a(stm32f4xx_hal_i2s_ex.o)
 .comment       0x0000000000000000       0x20 ./Drivers//STM32F4xx_HAL_Driver/libstm32fw.a(stm32f4xx_hal_rcc.o)
 .comment       0x0000000000000000       0x20 ./Drivers//STM32F4xx_HAL_Driver/libstm32fw.a(stm32f4xx_hal_rcc_ex.o)
 .comment       0x0000000000000000       0x20 ./Drivers//STM32F4xx_HAL_Driver/libstm32fw.a(stm32f4xx_hal_spi.o)

.debug_frame    0x0000000000000000     0x2260
 .debug_frame   0x0000000000000000       0x58 Drivers/CMSIS/Device/ST/STM32F4xx//Source/Templates/system_stm32f4xx.o
 .debug_frame   0x0000000000000058       0x7c Src/adc.o
 .debug_frame   0x00000000000000d4       0x7c Src/dac.o
 .debug_frame   0x0000000000000150       0x34 Src/dma.o
 .debug_frame   0x0000000000000184       0x34 Src/gpio.o
 .debug_frame   0x00000000000001b8       0x74 Src/i2s.o
 .debug_frame   0x000000000000022c      0x120 Src/main.o
 .debug_frame   0x000000000000034c       0x74 Src/spi.o
 .debug_frame   0x00000000000003c0       0x2c Src/stm32f4xx_hal_msp.o
 .debug_frame   0x00000000000003ec       0x80 Src/stm32f4xx_it.o
 .debug_frame   0x000000000000046c       0x38 Src/tremolo_one.o
 .debug_frame   0x00000000000004a4       0x48 Src/user_controls.o
 .debug_frame   0x00000000000004ec       0x38 Src/wm8731.o
 .debug_frame   0x0000000000000524      0x228 ./Drivers//STM32F4xx_HAL_Driver/libstm32fw.a(stm32f4xx_hal.o)
 .debug_frame   0x000000000000074c      0x314 ./Drivers//STM32F4xx_HAL_Driver/libstm32fw.a(stm32f4xx_hal_adc.o)
 .debug_frame   0x0000000000000a60      0x1d0 ./Drivers//STM32F4xx_HAL_Driver/libstm32fw.a(stm32f4xx_hal_adc_ex.o)
 .debug_frame   0x0000000000000c30      0x378 ./Drivers//STM32F4xx_HAL_Driver/libstm32fw.a(stm32f4xx_hal_cortex.o)
 .debug_frame   0x0000000000000fa8      0x27c ./Drivers//STM32F4xx_HAL_Driver/libstm32fw.a(stm32f4xx_hal_dac.o)
 .debug_frame   0x0000000000001224      0x150 ./Drivers//STM32F4xx_HAL_Driver/libstm32fw.a(stm32f4xx_hal_dac_ex.o)
 .debug_frame   0x0000000000001374      0x160 ./Drivers//STM32F4xx_HAL_Driver/libstm32fw.a(stm32f4xx_hal_dma.o)
 .debug_frame   0x00000000000014d4       0xf4 ./Drivers//STM32F4xx_HAL_Driver/libstm32fw.a(stm32f4xx_hal_gpio.o)
 .debug_frame   0x00000000000015c8      0x33c ./Drivers//STM32F4xx_HAL_Driver/libstm32fw.a(stm32f4xx_hal_i2s.o)
 .debug_frame   0x0000000000001904      0x180 ./Drivers//STM32F4xx_HAL_Driver/libstm32fw.a(stm32f4xx_hal_i2s_ex.o)
 .debug_frame   0x0000000000001a84      0x1a0 ./Drivers//STM32F4xx_HAL_Driver/libstm32fw.a(stm32f4xx_hal_rcc.o)
 .debug_frame   0x0000000000001c24       0x64 ./Drivers//STM32F4xx_HAL_Driver/libstm32fw.a(stm32f4xx_hal_rcc_ex.o)
 .debug_frame   0x0000000000001c88      0x4d4 ./Drivers//STM32F4xx_HAL_Driver/libstm32fw.a(stm32f4xx_hal_spi.o)
 .debug_frame   0x000000000000215c       0x2c /usr/bin/../lib/gcc/arm-none-eabi/4.9.3/../../../../arm-none-eabi/lib/armv7e-m/softfp/libc.a(lib_a-init.o)
 .debug_frame   0x0000000000002188       0x50 /usr/bin/../lib/gcc/arm-none-eabi/4.9.3/../../../../arm-none-eabi/lib/armv7e-m/softfp/libc.a(lib_a-__call_atexit.o)
 .debug_frame   0x00000000000021d8       0x20 /usr/bin/../lib/gcc/arm-none-eabi/4.9.3/../../../../arm-none-eabi/lib/armv7e-m/softfp/libc.a(lib_a-atexit.o)
 .debug_frame   0x00000000000021f8       0x34 /usr/bin/../lib/gcc/arm-none-eabi/4.9.3/../../../../arm-none-eabi/lib/armv7e-m/softfp/libc.a(lib_a-fini.o)
 .debug_frame   0x000000000000222c       0x34 /usr/bin/../lib/gcc/arm-none-eabi/4.9.3/../../../../arm-none-eabi/lib/armv7e-m/softfp/libc.a(lib_a-__atexit.o)

Cross Reference Table

Symbol                                            File
ADC_IRQHandler                                    Drivers/CMSIS/Device/ST/STM32F4xx//Source/Templates/gcc/startup_stm32f405xx.o
AHBPrescTable                                     Drivers/CMSIS/Device/ST/STM32F4xx//Source/Templates/system_stm32f4xx.o
APBAHBPrescTable                                  ./Drivers//STM32F4xx_HAL_Driver/libstm32fw.a(stm32f4xx_hal_rcc.o)
BiQuad                                            Src/biquad.o
BiQuad_lpf                                        Src/biquad.o
BiQuad_new                                        Src/biquad.o
BusFault_Handler                                  Drivers/CMSIS/Device/ST/STM32F4xx//Source/Templates/gcc/startup_stm32f405xx.o
ButtonsLedAck                                     Src/user_controls.o
                                                  Src/main.o
CAN1_RX0_IRQHandler                               Drivers/CMSIS/Device/ST/STM32F4xx//Source/Templates/gcc/startup_stm32f405xx.o
CAN1_RX1_IRQHandler                               Drivers/CMSIS/Device/ST/STM32F4xx//Source/Templates/gcc/startup_stm32f405xx.o
CAN1_SCE_IRQHandler                               Drivers/CMSIS/Device/ST/STM32F4xx//Source/Templates/gcc/startup_stm32f405xx.o
CAN1_TX_IRQHandler                                Drivers/CMSIS/Device/ST/STM32F4xx//Source/Templates/gcc/startup_stm32f405xx.o
CAN2_RX0_IRQHandler                               Drivers/CMSIS/Device/ST/STM32F4xx//Source/Templates/gcc/startup_stm32f405xx.o
CAN2_RX1_IRQHandler                               Drivers/CMSIS/Device/ST/STM32F4xx//Source/Templates/gcc/startup_stm32f405xx.o
CAN2_SCE_IRQHandler                               Drivers/CMSIS/Device/ST/STM32F4xx//Source/Templates/gcc/startup_stm32f405xx.o
CAN2_TX_IRQHandler                                Drivers/CMSIS/Device/ST/STM32F4xx//Source/Templates/gcc/startup_stm32f405xx.o
DAC_DMAConvCpltCh2                                ./Drivers//STM32F4xx_HAL_Driver/libstm32fw.a(stm32f4xx_hal_dac_ex.o)
                                                  ./Drivers//STM32F4xx_HAL_Driver/libstm32fw.a(stm32f4xx_hal_dac.o)
DAC_DMAErrorCh2                                   ./Drivers//STM32F4xx_HAL_Driver/libstm32fw.a(stm32f4xx_hal_dac_ex.o)
                                                  ./Drivers//STM32F4xx_HAL_Driver/libstm32fw.a(stm32f4xx_hal_dac.o)
DAC_DMAHalfConvCpltCh2                            ./Drivers//STM32F4xx_HAL_Driver/libstm32fw.a(stm32f4xx_hal_dac_ex.o)
                                                  ./Drivers//STM32F4xx_HAL_Driver/libstm32fw.a(stm32f4xx_hal_dac.o)
DMA1_Stream0_IRQHandler                           Src/stm32f4xx_it.o
                                                  Drivers/CMSIS/Device/ST/STM32F4xx//Source/Templates/gcc/startup_stm32f405xx.o
DMA1_Stream1_IRQHandler                           Drivers/CMSIS/Device/ST/STM32F4xx//Source/Templates/gcc/startup_stm32f405xx.o
DMA1_Stream2_IRQHandler                           Drivers/CMSIS/Device/ST/STM32F4xx//Source/Templates/gcc/startup_stm32f405xx.o
DMA1_Stream3_IRQHandler                           Drivers/CMSIS/Device/ST/STM32F4xx//Source/Templates/gcc/startup_stm32f405xx.o
DMA1_Stream4_IRQHandler                           Drivers/CMSIS/Device/ST/STM32F4xx//Source/Templates/gcc/startup_stm32f405xx.o
DMA1_Stream5_IRQHandler                           Src/stm32f4xx_it.o
                                                  Drivers/CMSIS/Device/ST/STM32F4xx//Source/Templates/gcc/startup_stm32f405xx.o
DMA1_Stream6_IRQHandler                           Drivers/CMSIS/Device/ST/STM32F4xx//Source/Templates/gcc/startup_stm32f405xx.o
DMA1_Stream7_IRQHandler                           Drivers/CMSIS/Device/ST/STM32F4xx//Source/Templates/gcc/startup_stm32f405xx.o
DMA2_Stream0_IRQHandler                           Src/stm32f4xx_it.o
                                                  Drivers/CMSIS/Device/ST/STM32F4xx//Source/Templates/gcc/startup_stm32f405xx.o
DMA2_Stream1_IRQHandler                           Drivers/CMSIS/Device/ST/STM32F4xx//Source/Templates/gcc/startup_stm32f405xx.o
DMA2_Stream2_IRQHandler                           Drivers/CMSIS/Device/ST/STM32F4xx//Source/Templates/gcc/startup_stm32f405xx.o
DMA2_Stream3_IRQHandler                           Drivers/CMSIS/Device/ST/STM32F4xx//Source/Templates/gcc/startup_stm32f405xx.o
DMA2_Stream4_IRQHandler                           Drivers/CMSIS/Device/ST/STM32F4xx//Source/Templates/gcc/startup_stm32f405xx.o
DMA2_Stream5_IRQHandler                           Drivers/CMSIS/Device/ST/STM32F4xx//Source/Templates/gcc/startup_stm32f405xx.o
DMA2_Stream6_IRQHandler                           Drivers/CMSIS/Device/ST/STM32F4xx//Source/Templates/gcc/startup_stm32f405xx.o
DMA2_Stream7_IRQHandler                           Drivers/CMSIS/Device/ST/STM32F4xx//Source/Templates/gcc/startup_stm32f405xx.o
DebugLedON                                        Src/user_controls.o
                                                  Src/main.o
DebugMon_Handler                                  Drivers/CMSIS/Device/ST/STM32F4xx//Source/Templates/gcc/startup_stm32f405xx.o
Default_Handler                                   Drivers/CMSIS/Device/ST/STM32F4xx//Source/Templates/gcc/startup_stm32f405xx.o
EXTI0_IRQHandler                                  Drivers/CMSIS/Device/ST/STM32F4xx//Source/Templates/gcc/startup_stm32f405xx.o
EXTI15_10_IRQHandler                              Drivers/CMSIS/Device/ST/STM32F4xx//Source/Templates/gcc/startup_stm32f405xx.o
EXTI1_IRQHandler                                  Drivers/CMSIS/Device/ST/STM32F4xx//Source/Templates/gcc/startup_stm32f405xx.o
EXTI2_IRQHandler                                  Drivers/CMSIS/Device/ST/STM32F4xx//Source/Templates/gcc/startup_stm32f405xx.o
EXTI3_IRQHandler                                  Drivers/CMSIS/Device/ST/STM32F4xx//Source/Templates/gcc/startup_stm32f405xx.o
EXTI4_IRQHandler                                  Drivers/CMSIS/Device/ST/STM32F4xx//Source/Templates/gcc/startup_stm32f405xx.o
EXTI9_5_IRQHandler                                Drivers/CMSIS/Device/ST/STM32F4xx//Source/Templates/gcc/startup_stm32f405xx.o
FLASH_IRQHandler                                  Drivers/CMSIS/Device/ST/STM32F4xx//Source/Templates/gcc/startup_stm32f405xx.o
FPU_IRQHandler                                    Drivers/CMSIS/Device/ST/STM32F4xx//Source/Templates/gcc/startup_stm32f405xx.o
FSMC_IRQHandler                                   Drivers/CMSIS/Device/ST/STM32F4xx//Source/Templates/gcc/startup_stm32f405xx.o
HAL_ADCEx_InjectedConfigChannel                   ./Drivers//STM32F4xx_HAL_Driver/libstm32fw.a(stm32f4xx_hal_adc_ex.o)
HAL_ADCEx_InjectedConvCpltCallback                ./Drivers//STM32F4xx_HAL_Driver/libstm32fw.a(stm32f4xx_hal_adc_ex.o)
                                                  ./Drivers//STM32F4xx_HAL_Driver/libstm32fw.a(stm32f4xx_hal_adc.o)
HAL_ADCEx_InjectedGetValue                        ./Drivers//STM32F4xx_HAL_Driver/libstm32fw.a(stm32f4xx_hal_adc_ex.o)
HAL_ADCEx_InjectedPollForConversion               ./Drivers//STM32F4xx_HAL_Driver/libstm32fw.a(stm32f4xx_hal_adc_ex.o)
HAL_ADCEx_InjectedStart                           ./Drivers//STM32F4xx_HAL_Driver/libstm32fw.a(stm32f4xx_hal_adc_ex.o)
HAL_ADCEx_InjectedStart_IT                        ./Drivers//STM32F4xx_HAL_Driver/libstm32fw.a(stm32f4xx_hal_adc_ex.o)
HAL_ADCEx_InjectedStop                            ./Drivers//STM32F4xx_HAL_Driver/libstm32fw.a(stm32f4xx_hal_adc_ex.o)
HAL_ADCEx_InjectedStop_IT                         ./Drivers//STM32F4xx_HAL_Driver/libstm32fw.a(stm32f4xx_hal_adc_ex.o)
HAL_ADCEx_MultiModeConfigChannel                  ./Drivers//STM32F4xx_HAL_Driver/libstm32fw.a(stm32f4xx_hal_adc_ex.o)
HAL_ADCEx_MultiModeGetValue                       ./Drivers//STM32F4xx_HAL_Driver/libstm32fw.a(stm32f4xx_hal_adc_ex.o)
HAL_ADCEx_MultiModeStart_DMA                      ./Drivers//STM32F4xx_HAL_Driver/libstm32fw.a(stm32f4xx_hal_adc_ex.o)
HAL_ADCEx_MultiModeStop_DMA                       ./Drivers//STM32F4xx_HAL_Driver/libstm32fw.a(stm32f4xx_hal_adc_ex.o)
HAL_ADC_AnalogWDGConfig                           ./Drivers//STM32F4xx_HAL_Driver/libstm32fw.a(stm32f4xx_hal_adc.o)
HAL_ADC_ConfigChannel                             ./Drivers//STM32F4xx_HAL_Driver/libstm32fw.a(stm32f4xx_hal_adc.o)
                                                  Src/adc.o
HAL_ADC_ConvCpltCallback                          ./Drivers//STM32F4xx_HAL_Driver/libstm32fw.a(stm32f4xx_hal_adc.o)
                                                  ./Drivers//STM32F4xx_HAL_Driver/libstm32fw.a(stm32f4xx_hal_adc_ex.o)
HAL_ADC_ConvHalfCpltCallback                      ./Drivers//STM32F4xx_HAL_Driver/libstm32fw.a(stm32f4xx_hal_adc.o)
                                                  ./Drivers//STM32F4xx_HAL_Driver/libstm32fw.a(stm32f4xx_hal_adc_ex.o)
HAL_ADC_DeInit                                    ./Drivers//STM32F4xx_HAL_Driver/libstm32fw.a(stm32f4xx_hal_adc.o)
HAL_ADC_ErrorCallback                             ./Drivers//STM32F4xx_HAL_Driver/libstm32fw.a(stm32f4xx_hal_adc.o)
                                                  ./Drivers//STM32F4xx_HAL_Driver/libstm32fw.a(stm32f4xx_hal_adc_ex.o)
HAL_ADC_GetError                                  ./Drivers//STM32F4xx_HAL_Driver/libstm32fw.a(stm32f4xx_hal_adc.o)
HAL_ADC_GetState                                  ./Drivers//STM32F4xx_HAL_Driver/libstm32fw.a(stm32f4xx_hal_adc.o)
HAL_ADC_GetValue                                  ./Drivers//STM32F4xx_HAL_Driver/libstm32fw.a(stm32f4xx_hal_adc.o)
HAL_ADC_IRQHandler                                ./Drivers//STM32F4xx_HAL_Driver/libstm32fw.a(stm32f4xx_hal_adc.o)
HAL_ADC_Init                                      ./Drivers//STM32F4xx_HAL_Driver/libstm32fw.a(stm32f4xx_hal_adc.o)
                                                  Src/adc.o
HAL_ADC_LevelOutOfWindowCallback                  ./Drivers//STM32F4xx_HAL_Driver/libstm32fw.a(stm32f4xx_hal_adc.o)
HAL_ADC_MspDeInit                                 Src/adc.o
HAL_ADC_MspInit                                   Src/adc.o
HAL_ADC_PollForConversion                         ./Drivers//STM32F4xx_HAL_Driver/libstm32fw.a(stm32f4xx_hal_adc.o)
HAL_ADC_PollForEvent                              ./Drivers//STM32F4xx_HAL_Driver/libstm32fw.a(stm32f4xx_hal_adc.o)
HAL_ADC_Start                                     ./Drivers//STM32F4xx_HAL_Driver/libstm32fw.a(stm32f4xx_hal_adc.o)
HAL_ADC_Start_DMA                                 ./Drivers//STM32F4xx_HAL_Driver/libstm32fw.a(stm32f4xx_hal_adc.o)
HAL_ADC_Start_IT                                  ./Drivers//STM32F4xx_HAL_Driver/libstm32fw.a(stm32f4xx_hal_adc.o)
HAL_ADC_Stop                                      ./Drivers//STM32F4xx_HAL_Driver/libstm32fw.a(stm32f4xx_hal_adc.o)
HAL_ADC_Stop_DMA                                  ./Drivers//STM32F4xx_HAL_Driver/libstm32fw.a(stm32f4xx_hal_adc.o)
HAL_ADC_Stop_IT                                   ./Drivers//STM32F4xx_HAL_Driver/libstm32fw.a(stm32f4xx_hal_adc.o)
HAL_DACEx_ConvCpltCallbackCh2                     ./Drivers//STM32F4xx_HAL_Driver/libstm32fw.a(stm32f4xx_hal_dac_ex.o)
HAL_DACEx_ConvHalfCpltCallbackCh2                 ./Drivers//STM32F4xx_HAL_Driver/libstm32fw.a(stm32f4xx_hal_dac_ex.o)
HAL_DACEx_DMAUnderrunCallbackCh2                  ./Drivers//STM32F4xx_HAL_Driver/libstm32fw.a(stm32f4xx_hal_dac_ex.o)
                                                  ./Drivers//STM32F4xx_HAL_Driver/libstm32fw.a(stm32f4xx_hal_dac.o)
HAL_DACEx_DualGetValue                            ./Drivers//STM32F4xx_HAL_Driver/libstm32fw.a(stm32f4xx_hal_dac_ex.o)
HAL_DACEx_DualSetValue                            ./Drivers//STM32F4xx_HAL_Driver/libstm32fw.a(stm32f4xx_hal_dac_ex.o)
HAL_DACEx_ErrorCallbackCh2                        ./Drivers//STM32F4xx_HAL_Driver/libstm32fw.a(stm32f4xx_hal_dac_ex.o)
HAL_DACEx_NoiseWaveGenerate                       ./Drivers//STM32F4xx_HAL_Driver/libstm32fw.a(stm32f4xx_hal_dac_ex.o)
HAL_DACEx_TriangleWaveGenerate                    ./Drivers//STM32F4xx_HAL_Driver/libstm32fw.a(stm32f4xx_hal_dac_ex.o)
HAL_DAC_ConfigChannel                             ./Drivers//STM32F4xx_HAL_Driver/libstm32fw.a(stm32f4xx_hal_dac.o)
                                                  Src/dac.o
HAL_DAC_ConvCpltCallbackCh1                       ./Drivers//STM32F4xx_HAL_Driver/libstm32fw.a(stm32f4xx_hal_dac.o)
HAL_DAC_ConvHalfCpltCallbackCh1                   ./Drivers//STM32F4xx_HAL_Driver/libstm32fw.a(stm32f4xx_hal_dac.o)
HAL_DAC_DMAUnderrunCallbackCh1                    ./Drivers//STM32F4xx_HAL_Driver/libstm32fw.a(stm32f4xx_hal_dac.o)
HAL_DAC_DeInit                                    ./Drivers//STM32F4xx_HAL_Driver/libstm32fw.a(stm32f4xx_hal_dac.o)
HAL_DAC_ErrorCallbackCh1                          ./Drivers//STM32F4xx_HAL_Driver/libstm32fw.a(stm32f4xx_hal_dac.o)
HAL_DAC_GetError                                  ./Drivers//STM32F4xx_HAL_Driver/libstm32fw.a(stm32f4xx_hal_dac.o)
HAL_DAC_GetState                                  ./Drivers//STM32F4xx_HAL_Driver/libstm32fw.a(stm32f4xx_hal_dac.o)
HAL_DAC_GetValue                                  ./Drivers//STM32F4xx_HAL_Driver/libstm32fw.a(stm32f4xx_hal_dac.o)
HAL_DAC_IRQHandler                                ./Drivers//STM32F4xx_HAL_Driver/libstm32fw.a(stm32f4xx_hal_dac.o)
HAL_DAC_Init                                      ./Drivers//STM32F4xx_HAL_Driver/libstm32fw.a(stm32f4xx_hal_dac.o)
                                                  Src/dac.o
HAL_DAC_MspDeInit                                 Src/dac.o
HAL_DAC_MspInit                                   Src/dac.o
HAL_DAC_SetValue                                  ./Drivers//STM32F4xx_HAL_Driver/libstm32fw.a(stm32f4xx_hal_dac.o)
HAL_DAC_Start                                     ./Drivers//STM32F4xx_HAL_Driver/libstm32fw.a(stm32f4xx_hal_dac.o)
HAL_DAC_Start_DMA                                 ./Drivers//STM32F4xx_HAL_Driver/libstm32fw.a(stm32f4xx_hal_dac.o)
HAL_DAC_Stop                                      ./Drivers//STM32F4xx_HAL_Driver/libstm32fw.a(stm32f4xx_hal_dac.o)
HAL_DAC_Stop_DMA                                  ./Drivers//STM32F4xx_HAL_Driver/libstm32fw.a(stm32f4xx_hal_dac.o)
HAL_DBGMCU_DisableDBGSleepMode                    ./Drivers//STM32F4xx_HAL_Driver/libstm32fw.a(stm32f4xx_hal.o)
HAL_DBGMCU_DisableDBGStandbyMode                  ./Drivers//STM32F4xx_HAL_Driver/libstm32fw.a(stm32f4xx_hal.o)
HAL_DBGMCU_DisableDBGStopMode                     ./Drivers//STM32F4xx_HAL_Driver/libstm32fw.a(stm32f4xx_hal.o)
HAL_DBGMCU_EnableDBGSleepMode                     ./Drivers//STM32F4xx_HAL_Driver/libstm32fw.a(stm32f4xx_hal.o)
HAL_DBGMCU_EnableDBGStandbyMode                   ./Drivers//STM32F4xx_HAL_Driver/libstm32fw.a(stm32f4xx_hal.o)
HAL_DBGMCU_EnableDBGStopMode                      ./Drivers//STM32F4xx_HAL_Driver/libstm32fw.a(stm32f4xx_hal.o)
HAL_DMA_Abort                                     ./Drivers//STM32F4xx_HAL_Driver/libstm32fw.a(stm32f4xx_hal_dma.o)
                                                  ./Drivers//STM32F4xx_HAL_Driver/libstm32fw.a(stm32f4xx_hal_spi.o)
                                                  ./Drivers//STM32F4xx_HAL_Driver/libstm32fw.a(stm32f4xx_hal_i2s_ex.o)
                                                  ./Drivers//STM32F4xx_HAL_Driver/libstm32fw.a(stm32f4xx_hal_i2s.o)
                                                  ./Drivers//STM32F4xx_HAL_Driver/libstm32fw.a(stm32f4xx_hal_dac.o)
                                                  ./Drivers//STM32F4xx_HAL_Driver/libstm32fw.a(stm32f4xx_hal_adc_ex.o)
                                                  ./Drivers//STM32F4xx_HAL_Driver/libstm32fw.a(stm32f4xx_hal_adc.o)
HAL_DMA_DeInit                                    ./Drivers//STM32F4xx_HAL_Driver/libstm32fw.a(stm32f4xx_hal_dma.o)
                                                  Src/i2s.o
                                                  Src/adc.o
HAL_DMA_GetError                                  ./Drivers//STM32F4xx_HAL_Driver/libstm32fw.a(stm32f4xx_hal_dma.o)
HAL_DMA_GetState                                  ./Drivers//STM32F4xx_HAL_Driver/libstm32fw.a(stm32f4xx_hal_dma.o)
HAL_DMA_IRQHandler                                ./Drivers//STM32F4xx_HAL_Driver/libstm32fw.a(stm32f4xx_hal_dma.o)
                                                  Src/stm32f4xx_it.o
HAL_DMA_Init                                      ./Drivers//STM32F4xx_HAL_Driver/libstm32fw.a(stm32f4xx_hal_dma.o)
                                                  Src/i2s.o
                                                  Src/adc.o
HAL_DMA_PollForTransfer                           ./Drivers//STM32F4xx_HAL_Driver/libstm32fw.a(stm32f4xx_hal_dma.o)
HAL_DMA_Start                                     ./Drivers//STM32F4xx_HAL_Driver/libstm32fw.a(stm32f4xx_hal_dma.o)
HAL_DMA_Start_IT                                  ./Drivers//STM32F4xx_HAL_Driver/libstm32fw.a(stm32f4xx_hal_dma.o)
                                                  ./Drivers//STM32F4xx_HAL_Driver/libstm32fw.a(stm32f4xx_hal_spi.o)
                                                  ./Drivers//STM32F4xx_HAL_Driver/libstm32fw.a(stm32f4xx_hal_i2s_ex.o)
                                                  ./Drivers//STM32F4xx_HAL_Driver/libstm32fw.a(stm32f4xx_hal_i2s.o)
                                                  ./Drivers//STM32F4xx_HAL_Driver/libstm32fw.a(stm32f4xx_hal_dac.o)
                                                  ./Drivers//STM32F4xx_HAL_Driver/libstm32fw.a(stm32f4xx_hal_adc_ex.o)
                                                  ./Drivers//STM32F4xx_HAL_Driver/libstm32fw.a(stm32f4xx_hal_adc.o)
HAL_DeInit                                        ./Drivers//STM32F4xx_HAL_Driver/libstm32fw.a(stm32f4xx_hal.o)
HAL_Delay                                         ./Drivers//STM32F4xx_HAL_Driver/libstm32fw.a(stm32f4xx_hal.o)
                                                  Src/wm8731.o
HAL_DisableCompensationCell                       ./Drivers//STM32F4xx_HAL_Driver/libstm32fw.a(stm32f4xx_hal.o)
HAL_EnableCompensationCell                        ./Drivers//STM32F4xx_HAL_Driver/libstm32fw.a(stm32f4xx_hal.o)
HAL_GPIO_DeInit                                   ./Drivers//STM32F4xx_HAL_Driver/libstm32fw.a(stm32f4xx_hal_gpio.o)
                                                  Src/spi.o
                                                  Src/i2s.o
                                                  Src/dac.o
                                                  Src/adc.o
HAL_GPIO_EXTI_Callback                            ./Drivers//STM32F4xx_HAL_Driver/libstm32fw.a(stm32f4xx_hal_gpio.o)
HAL_GPIO_EXTI_IRQHandler                          ./Drivers//STM32F4xx_HAL_Driver/libstm32fw.a(stm32f4xx_hal_gpio.o)
HAL_GPIO_Init                                     ./Drivers//STM32F4xx_HAL_Driver/libstm32fw.a(stm32f4xx_hal_gpio.o)
                                                  ./Drivers//STM32F4xx_HAL_Driver/libstm32fw.a(stm32f4xx_hal_rcc.o)
                                                  Src/spi.o
                                                  Src/i2s.o
                                                  Src/gpio.o
                                                  Src/dac.o
                                                  Src/adc.o
HAL_GPIO_LockPin                                  ./Drivers//STM32F4xx_HAL_Driver/libstm32fw.a(stm32f4xx_hal_gpio.o)
HAL_GPIO_ReadPin                                  ./Drivers//STM32F4xx_HAL_Driver/libstm32fw.a(stm32f4xx_hal_gpio.o)
                                                  Src/user_controls.o
HAL_GPIO_TogglePin                                ./Drivers//STM32F4xx_HAL_Driver/libstm32fw.a(stm32f4xx_hal_gpio.o)
                                                  Src/user_controls.o
HAL_GPIO_WritePin                                 ./Drivers//STM32F4xx_HAL_Driver/libstm32fw.a(stm32f4xx_hal_gpio.o)
                                                  Src/wm8731.o
                                                  Src/user_controls.o
HAL_GetDEVID                                      ./Drivers//STM32F4xx_HAL_Driver/libstm32fw.a(stm32f4xx_hal.o)
HAL_GetHalVersion                                 ./Drivers//STM32F4xx_HAL_Driver/libstm32fw.a(stm32f4xx_hal.o)
HAL_GetREVID                                      ./Drivers//STM32F4xx_HAL_Driver/libstm32fw.a(stm32f4xx_hal.o)
HAL_GetTick                                       ./Drivers//STM32F4xx_HAL_Driver/libstm32fw.a(stm32f4xx_hal.o)
                                                  ./Drivers//STM32F4xx_HAL_Driver/libstm32fw.a(stm32f4xx_hal_spi.o)
                                                  ./Drivers//STM32F4xx_HAL_Driver/libstm32fw.a(stm32f4xx_hal_rcc_ex.o)
                                                  ./Drivers//STM32F4xx_HAL_Driver/libstm32fw.a(stm32f4xx_hal_rcc.o)
                                                  ./Drivers//STM32F4xx_HAL_Driver/libstm32fw.a(stm32f4xx_hal_i2s_ex.o)
                                                  ./Drivers//STM32F4xx_HAL_Driver/libstm32fw.a(stm32f4xx_hal_i2s.o)
                                                  ./Drivers//STM32F4xx_HAL_Driver/libstm32fw.a(stm32f4xx_hal_dma.o)
                                                  ./Drivers//STM32F4xx_HAL_Driver/libstm32fw.a(stm32f4xx_hal_adc_ex.o)
                                                  ./Drivers//STM32F4xx_HAL_Driver/libstm32fw.a(stm32f4xx_hal_adc.o)
HAL_I2SEx_TransmitReceive                         ./Drivers//STM32F4xx_HAL_Driver/libstm32fw.a(stm32f4xx_hal_i2s_ex.o)
HAL_I2SEx_TransmitReceive_DMA                     ./Drivers//STM32F4xx_HAL_Driver/libstm32fw.a(stm32f4xx_hal_i2s_ex.o)
                                                  Src/main.o
HAL_I2SEx_TransmitReceive_IT                      ./Drivers//STM32F4xx_HAL_Driver/libstm32fw.a(stm32f4xx_hal_i2s_ex.o)
HAL_I2S_DMAPause                                  ./Drivers//STM32F4xx_HAL_Driver/libstm32fw.a(stm32f4xx_hal_i2s_ex.o)
                                                  ./Drivers//STM32F4xx_HAL_Driver/libstm32fw.a(stm32f4xx_hal_i2s.o)
HAL_I2S_DMAResume                                 ./Drivers//STM32F4xx_HAL_Driver/libstm32fw.a(stm32f4xx_hal_i2s_ex.o)
                                                  ./Drivers//STM32F4xx_HAL_Driver/libstm32fw.a(stm32f4xx_hal_i2s.o)
HAL_I2S_DMAStop                                   ./Drivers//STM32F4xx_HAL_Driver/libstm32fw.a(stm32f4xx_hal_i2s_ex.o)
                                                  ./Drivers//STM32F4xx_HAL_Driver/libstm32fw.a(stm32f4xx_hal_i2s.o)
HAL_I2S_DeInit                                    ./Drivers//STM32F4xx_HAL_Driver/libstm32fw.a(stm32f4xx_hal_i2s.o)
HAL_I2S_ErrorCallback                             ./Drivers//STM32F4xx_HAL_Driver/libstm32fw.a(stm32f4xx_hal_i2s.o)
                                                  ./Drivers//STM32F4xx_HAL_Driver/libstm32fw.a(stm32f4xx_hal_i2s_ex.o)
HAL_I2S_GetError                                  ./Drivers//STM32F4xx_HAL_Driver/libstm32fw.a(stm32f4xx_hal_i2s.o)
HAL_I2S_GetState                                  ./Drivers//STM32F4xx_HAL_Driver/libstm32fw.a(stm32f4xx_hal_i2s.o)
HAL_I2S_IRQHandler                                ./Drivers//STM32F4xx_HAL_Driver/libstm32fw.a(stm32f4xx_hal_i2s_ex.o)
                                                  ./Drivers//STM32F4xx_HAL_Driver/libstm32fw.a(stm32f4xx_hal_i2s.o)
HAL_I2S_Init                                      ./Drivers//STM32F4xx_HAL_Driver/libstm32fw.a(stm32f4xx_hal_i2s_ex.o)
                                                  ./Drivers//STM32F4xx_HAL_Driver/libstm32fw.a(stm32f4xx_hal_i2s.o)
                                                  Src/i2s.o
HAL_I2S_MspDeInit                                 Src/i2s.o
HAL_I2S_MspInit                                   Src/i2s.o
                                                  ./Drivers//STM32F4xx_HAL_Driver/libstm32fw.a(stm32f4xx_hal_i2s_ex.o)
HAL_I2S_Receive                                   ./Drivers//STM32F4xx_HAL_Driver/libstm32fw.a(stm32f4xx_hal_i2s.o)
HAL_I2S_Receive_DMA                               ./Drivers//STM32F4xx_HAL_Driver/libstm32fw.a(stm32f4xx_hal_i2s.o)
HAL_I2S_Receive_IT                                ./Drivers//STM32F4xx_HAL_Driver/libstm32fw.a(stm32f4xx_hal_i2s.o)
HAL_I2S_RxCpltCallback                            Src/main.o
                                                  ./Drivers//STM32F4xx_HAL_Driver/libstm32fw.a(stm32f4xx_hal_i2s_ex.o)
HAL_I2S_RxHalfCpltCallback                        Src/main.o
HAL_I2S_Transmit                                  ./Drivers//STM32F4xx_HAL_Driver/libstm32fw.a(stm32f4xx_hal_i2s.o)
HAL_I2S_Transmit_DMA                              ./Drivers//STM32F4xx_HAL_Driver/libstm32fw.a(stm32f4xx_hal_i2s.o)
HAL_I2S_Transmit_IT                               ./Drivers//STM32F4xx_HAL_Driver/libstm32fw.a(stm32f4xx_hal_i2s.o)
HAL_I2S_TxCpltCallback                            Src/main.o
                                                  ./Drivers//STM32F4xx_HAL_Driver/libstm32fw.a(stm32f4xx_hal_i2s_ex.o)
HAL_I2S_TxHalfCpltCallback                        Src/main.o
HAL_IncTick                                       ./Drivers//STM32F4xx_HAL_Driver/libstm32fw.a(stm32f4xx_hal.o)
                                                  Src/stm32f4xx_it.o
HAL_Init                                          ./Drivers//STM32F4xx_HAL_Driver/libstm32fw.a(stm32f4xx_hal.o)
                                                  Src/main.o
HAL_InitTick                                      ./Drivers//STM32F4xx_HAL_Driver/libstm32fw.a(stm32f4xx_hal.o)
                                                  ./Drivers//STM32F4xx_HAL_Driver/libstm32fw.a(stm32f4xx_hal_rcc.o)
HAL_MPU_ConfigRegion                              ./Drivers//STM32F4xx_HAL_Driver/libstm32fw.a(stm32f4xx_hal_cortex.o)
HAL_MspDeInit                                     ./Drivers//STM32F4xx_HAL_Driver/libstm32fw.a(stm32f4xx_hal.o)
HAL_MspInit                                       Src/stm32f4xx_hal_msp.o
HAL_NVIC_ClearPendingIRQ                          ./Drivers//STM32F4xx_HAL_Driver/libstm32fw.a(stm32f4xx_hal_cortex.o)
HAL_NVIC_DisableIRQ                               ./Drivers//STM32F4xx_HAL_Driver/libstm32fw.a(stm32f4xx_hal_cortex.o)
HAL_NVIC_EnableIRQ                                ./Drivers//STM32F4xx_HAL_Driver/libstm32fw.a(stm32f4xx_hal_cortex.o)
                                                  Src/dma.o
HAL_NVIC_GetActive                                ./Drivers//STM32F4xx_HAL_Driver/libstm32fw.a(stm32f4xx_hal_cortex.o)
HAL_NVIC_GetPendingIRQ                            ./Drivers//STM32F4xx_HAL_Driver/libstm32fw.a(stm32f4xx_hal_cortex.o)
HAL_NVIC_GetPriority                              ./Drivers//STM32F4xx_HAL_Driver/libstm32fw.a(stm32f4xx_hal_cortex.o)
HAL_NVIC_GetPriorityGrouping                      ./Drivers//STM32F4xx_HAL_Driver/libstm32fw.a(stm32f4xx_hal_cortex.o)
HAL_NVIC_SetPendingIRQ                            ./Drivers//STM32F4xx_HAL_Driver/libstm32fw.a(stm32f4xx_hal_cortex.o)
HAL_NVIC_SetPriority                              ./Drivers//STM32F4xx_HAL_Driver/libstm32fw.a(stm32f4xx_hal_cortex.o)
                                                  ./Drivers//STM32F4xx_HAL_Driver/libstm32fw.a(stm32f4xx_hal.o)
                                                  Src/stm32f4xx_hal_msp.o
                                                  Src/main.o
                                                  Src/dma.o
HAL_NVIC_SetPriorityGrouping                      ./Drivers//STM32F4xx_HAL_Driver/libstm32fw.a(stm32f4xx_hal_cortex.o)
                                                  ./Drivers//STM32F4xx_HAL_Driver/libstm32fw.a(stm32f4xx_hal.o)
                                                  Src/stm32f4xx_hal_msp.o
HAL_NVIC_SystemReset                              ./Drivers//STM32F4xx_HAL_Driver/libstm32fw.a(stm32f4xx_hal_cortex.o)
HAL_RCCEx_GetPeriphCLKConfig                      ./Drivers//STM32F4xx_HAL_Driver/libstm32fw.a(stm32f4xx_hal_rcc_ex.o)
HAL_RCCEx_PeriphCLKConfig                         ./Drivers//STM32F4xx_HAL_Driver/libstm32fw.a(stm32f4xx_hal_rcc_ex.o)
                                                  Src/main.o
HAL_RCC_CSSCallback                               ./Drivers//STM32F4xx_HAL_Driver/libstm32fw.a(stm32f4xx_hal_rcc.o)
HAL_RCC_ClockConfig                               ./Drivers//STM32F4xx_HAL_Driver/libstm32fw.a(stm32f4xx_hal_rcc.o)
                                                  Src/main.o
HAL_RCC_DeInit                                    ./Drivers//STM32F4xx_HAL_Driver/libstm32fw.a(stm32f4xx_hal_rcc_ex.o)
                                                  ./Drivers//STM32F4xx_HAL_Driver/libstm32fw.a(stm32f4xx_hal_rcc.o)
HAL_RCC_DisableCSS                                ./Drivers//STM32F4xx_HAL_Driver/libstm32fw.a(stm32f4xx_hal_rcc.o)
HAL_RCC_EnableCSS                                 ./Drivers//STM32F4xx_HAL_Driver/libstm32fw.a(stm32f4xx_hal_rcc.o)
HAL_RCC_GetClockConfig                            ./Drivers//STM32F4xx_HAL_Driver/libstm32fw.a(stm32f4xx_hal_rcc.o)
HAL_RCC_GetHCLKFreq                               ./Drivers//STM32F4xx_HAL_Driver/libstm32fw.a(stm32f4xx_hal_rcc.o)
                                                  ./Drivers//STM32F4xx_HAL_Driver/libstm32fw.a(stm32f4xx_hal.o)
                                                  Src/main.o
HAL_RCC_GetOscConfig                              ./Drivers//STM32F4xx_HAL_Driver/libstm32fw.a(stm32f4xx_hal_rcc.o)
HAL_RCC_GetPCLK1Freq                              ./Drivers//STM32F4xx_HAL_Driver/libstm32fw.a(stm32f4xx_hal_rcc.o)
HAL_RCC_GetPCLK2Freq                              ./Drivers//STM32F4xx_HAL_Driver/libstm32fw.a(stm32f4xx_hal_rcc.o)
HAL_RCC_GetSysClockFreq                           ./Drivers//STM32F4xx_HAL_Driver/libstm32fw.a(stm32f4xx_hal_rcc.o)
HAL_RCC_MCOConfig                                 ./Drivers//STM32F4xx_HAL_Driver/libstm32fw.a(stm32f4xx_hal_rcc.o)
HAL_RCC_NMI_IRQHandler                            ./Drivers//STM32F4xx_HAL_Driver/libstm32fw.a(stm32f4xx_hal_rcc.o)
HAL_RCC_OscConfig                                 ./Drivers//STM32F4xx_HAL_Driver/libstm32fw.a(stm32f4xx_hal_rcc.o)
                                                  Src/main.o
HAL_ResumeTick                                    ./Drivers//STM32F4xx_HAL_Driver/libstm32fw.a(stm32f4xx_hal.o)
HAL_SPI_DMAPause                                  ./Drivers//STM32F4xx_HAL_Driver/libstm32fw.a(stm32f4xx_hal_spi.o)
HAL_SPI_DMAResume                                 ./Drivers//STM32F4xx_HAL_Driver/libstm32fw.a(stm32f4xx_hal_spi.o)
HAL_SPI_DMAStop                                   ./Drivers//STM32F4xx_HAL_Driver/libstm32fw.a(stm32f4xx_hal_spi.o)
HAL_SPI_DeInit                                    ./Drivers//STM32F4xx_HAL_Driver/libstm32fw.a(stm32f4xx_hal_spi.o)
HAL_SPI_ErrorCallback                             ./Drivers//STM32F4xx_HAL_Driver/libstm32fw.a(stm32f4xx_hal_spi.o)
HAL_SPI_GetError                                  ./Drivers//STM32F4xx_HAL_Driver/libstm32fw.a(stm32f4xx_hal_spi.o)
HAL_SPI_GetState                                  ./Drivers//STM32F4xx_HAL_Driver/libstm32fw.a(stm32f4xx_hal_spi.o)
HAL_SPI_IRQHandler                                ./Drivers//STM32F4xx_HAL_Driver/libstm32fw.a(stm32f4xx_hal_spi.o)
HAL_SPI_Init                                      ./Drivers//STM32F4xx_HAL_Driver/libstm32fw.a(stm32f4xx_hal_spi.o)
                                                  Src/spi.o
HAL_SPI_MspDeInit                                 Src/spi.o
HAL_SPI_MspInit                                   Src/spi.o
HAL_SPI_Receive                                   ./Drivers//STM32F4xx_HAL_Driver/libstm32fw.a(stm32f4xx_hal_spi.o)
HAL_SPI_Receive_DMA                               ./Drivers//STM32F4xx_HAL_Driver/libstm32fw.a(stm32f4xx_hal_spi.o)
HAL_SPI_Receive_IT                                ./Drivers//STM32F4xx_HAL_Driver/libstm32fw.a(stm32f4xx_hal_spi.o)
HAL_SPI_RxCpltCallback                            ./Drivers//STM32F4xx_HAL_Driver/libstm32fw.a(stm32f4xx_hal_spi.o)
HAL_SPI_RxHalfCpltCallback                        ./Drivers//STM32F4xx_HAL_Driver/libstm32fw.a(stm32f4xx_hal_spi.o)
HAL_SPI_Transmit                                  ./Drivers//STM32F4xx_HAL_Driver/libstm32fw.a(stm32f4xx_hal_spi.o)
                                                  Src/wm8731.o
HAL_SPI_TransmitReceive                           ./Drivers//STM32F4xx_HAL_Driver/libstm32fw.a(stm32f4xx_hal_spi.o)
HAL_SPI_TransmitReceive_DMA                       ./Drivers//STM32F4xx_HAL_Driver/libstm32fw.a(stm32f4xx_hal_spi.o)
HAL_SPI_TransmitReceive_IT                        ./Drivers//STM32F4xx_HAL_Driver/libstm32fw.a(stm32f4xx_hal_spi.o)
HAL_SPI_Transmit_DMA                              ./Drivers//STM32F4xx_HAL_Driver/libstm32fw.a(stm32f4xx_hal_spi.o)
HAL_SPI_Transmit_IT                               ./Drivers//STM32F4xx_HAL_Driver/libstm32fw.a(stm32f4xx_hal_spi.o)